Archive member included to satisfy reference by file (symbol)

app/libapp.a(main.c.obj)      (--whole-archive)
app/libapp.a(trailer_listener.c.obj)
                              (--whole-archive)
zephyr/libzephyr.a(cbprintf.c.obj)
                              (--whole-archive)
zephyr/libzephyr.a(cbprintf_packaged.c.obj)
                              (--whole-archive)
zephyr/libzephyr.a(crc32c_sw.c.obj)
                              (--whole-archive)
zephyr/libzephyr.a(crc32_sw.c.obj)
                              (--whole-archive)
zephyr/libzephyr.a(crc16_sw.c.obj)
                              (--whole-archive)
zephyr/libzephyr.a(crc8_sw.c.obj)
                              (--whole-archive)
zephyr/libzephyr.a(crc7_sw.c.obj)
                              (--whole-archive)
zephyr/libzephyr.a(dec.c.obj)
                              (--whole-archive)
zephyr/libzephyr.a(fdtable.c.obj)
                              (--whole-archive)
zephyr/libzephyr.a(hex.c.obj)
                              (--whole-archive)
zephyr/libzephyr.a(notify.c.obj)
                              (--whole-archive)
zephyr/libzephyr.a(printk.c.obj)
                              (--whole-archive)
zephyr/libzephyr.a(onoff.c.obj)
                              (--whole-archive)
zephyr/libzephyr.a(rb.c.obj)  (--whole-archive)
zephyr/libzephyr.a(sem.c.obj)
                              (--whole-archive)
zephyr/libzephyr.a(thread_entry.c.obj)
                              (--whole-archive)
zephyr/libzephyr.a(timeutil.c.obj)
                              (--whole-archive)
zephyr/libzephyr.a(heap.c.obj)
                              (--whole-archive)
zephyr/libzephyr.a(heap-validate.c.obj)
                              (--whole-archive)
zephyr/libzephyr.a(bitarray.c.obj)
                              (--whole-archive)
zephyr/libzephyr.a(cbprintf_complete.c.obj)
                              (--whole-archive)
zephyr/libzephyr.a(reboot.c.obj)
                              (--whole-archive)
zephyr/libzephyr.a(configs.c.obj)
                              (--whole-archive)
zephyr/libzephyr.a(soc.c.obj)
                              (--whole-archive)
zephyr/libzephyr.a(power.c.obj)
                              (--whole-archive)
zephyr/libzephyr.a(soc_nrf_common.S.obj)
                              (--whole-archive)
zephyr/libzephyr.a(validate_base_addresses.c.obj)
                              (--whole-archive)
zephyr/libzephyr.a(validate_enabled_instances.c.obj)
                              (--whole-archive)
zephyr/libzephyr.a(power.c.obj)
                              (--whole-archive)
zephyr/libzephyr.a(pm_ctrl.c.obj)
                              (--whole-archive)
zephyr/libzephyr.a(policy_residency.c.obj)
                              (--whole-archive)
zephyr/libzephyr.a(tracing_none.c.obj)
                              (--whole-archive)
zephyr/libzephyr.a(nrf_cc3xx_platform_abort_zephyr.c.obj)
                              (--whole-archive)
zephyr/libzephyr.a(nrf_cc3xx_platform_mutex_zephyr.c.obj)
                              (--whole-archive)
zephyr/arch/common/libarch__common.a(sw_isr_common.c.obj)
                              (--whole-archive)
zephyr/arch/arch/arm/core/aarch32/libarch__arm__core__aarch32.a(cpu_idle.S.obj)
                              (--whole-archive)
zephyr/arch/arch/arm/core/aarch32/libarch__arm__core__aarch32.a(fatal.c.obj)
                              (--whole-archive)
zephyr/arch/arch/arm/core/aarch32/libarch__arm__core__aarch32.a(irq_manage.c.obj)
                              (--whole-archive)
zephyr/arch/arch/arm/core/aarch32/libarch__arm__core__aarch32.a(nmi.c.obj)
                              (--whole-archive)
zephyr/arch/arch/arm/core/aarch32/libarch__arm__core__aarch32.a(nmi_on_reset.S.obj)
                              (--whole-archive)
zephyr/arch/arch/arm/core/aarch32/libarch__arm__core__aarch32.a(prep_c.c.obj)
                              (--whole-archive)
zephyr/arch/arch/arm/core/aarch32/libarch__arm__core__aarch32.a(swap.c.obj)
                              (--whole-archive)
zephyr/arch/arch/arm/core/aarch32/libarch__arm__core__aarch32.a(swap_helper.S.obj)
                              (--whole-archive)
zephyr/arch/arch/arm/core/aarch32/libarch__arm__core__aarch32.a(thread.c.obj)
                              (--whole-archive)
zephyr/arch/arch/arm/core/aarch32/libarch__arm__core__aarch32.a(isr_wrapper.S.obj)
                              (--whole-archive)
zephyr/arch/arch/arm/core/aarch32/cortex_m/libarch__arm__core__aarch32__cortex_m.a(exc_exit.S.obj)
                              (--whole-archive)
zephyr/arch/arch/arm/core/aarch32/cortex_m/libarch__arm__core__aarch32__cortex_m.a(fault.c.obj)
                              (--whole-archive)
zephyr/arch/arch/arm/core/aarch32/cortex_m/libarch__arm__core__aarch32__cortex_m.a(fault_s.S.obj)
                              (--whole-archive)
zephyr/arch/arch/arm/core/aarch32/cortex_m/libarch__arm__core__aarch32__cortex_m.a(fpu.c.obj)
[...]
Memory Configuration

Name             Origin             Length             Attributes
FLASH            0x0000000000000000 0x0000000000100000 xr
SRAM             0x0000000020000000 0x0000000000070000 xw
IDT_LIST         0x00000000fffff7ff 0x0000000000000800 xw
*default*        0x0000000000000000 0xffffffffffffffff

Linker script and memory map

LOAD zephyr/CMakeFiles/zephyr_final.dir/misc/empty_file.c.obj
LOAD zephyr/CMakeFiles/zephyr_final.dir/isr_tables.c.obj
LOAD zephyr/CMakeFiles/zephyr_final.dir/dev_handles.c.obj
LOAD zephyr/CMakeFiles/offsets.dir/./arch/arm/core/offsets/offsets.c.obj
                0x0000000000000020                _region_min_align = 0x20

.rel.plt        0x0000000000000000        0x0
 *(SORT_BY_ALIGNMENT(.rel.plt))
                [!provide]                        PROVIDE (__rel_iplt_start = .)
 *(SORT_BY_ALIGNMENT(.rel.iplt))
 .rel.iplt      0x0000000000000000        0x0 zephyr/CMakeFiles/zephyr_final.dir/isr_tables.c.obj
                [!provide]                        PROVIDE (__rel_iplt_end = .)

.rela.plt       0x0000000000000000        0x0
 *(SORT_BY_ALIGNMENT(.rela.plt))
                [!provide]                        PROVIDE (__rela_iplt_start = .)
 *(SORT_BY_ALIGNMENT(.rela.iplt))
                [!provide]                        PROVIDE (__rela_iplt_end = .)

.rel.dyn
 *(SORT_BY_ALIGNMENT(.rel.*))

.rela.dyn
 *(SORT_BY_ALIGNMENT(.rela.*))

/DISCARD/
 *(SORT_BY_ALIGNMENT(.plt))
 *(SORT_BY_ALIGNMENT(.iplt))
 *(SORT_BY_ALIGNMENT(.got.plt))
 *(SORT_BY_ALIGNMENT(.igot.plt))
 *(SORT_BY_ALIGNMENT(.got))
 *(SORT_BY_ALIGNMENT(.igot))
 *(SORT_BY_ALIGNMENT(.irq_info*))
 *(SORT_BY_ALIGNMENT(.intList*))
 *(SORT_BY_ALIGNMENT(.note.GNU-stack))
                0x0000000000000000                __rom_region_start = 0x0

rom_start       0x0000000000000000      0x154
                0x0000000000000000                . = 0x0
                0x0000000000000000                . = ALIGN (0x4)
                0x0000000000000000                . = ALIGN (0x80)
                0x0000000000000000                . = ALIGN (0x200)
                0x0000000000000000                _vector_start = .
 *(SORT_BY_ALIGNMENT(.exc_vector_table))
 *(SORT_BY_ALIGNMENT(.exc_vector_table.*))
 .exc_vector_table._vector_table_section
                0x0000000000000000       0x40 zephyr/arch/arch/arm/core/aarch32/cortex_m/libarch__arm__core__aarch32__cortex_m.a(vector_table.S.obj)
                0x0000000000000000                _vector_table
 *(SORT_BY_ALIGNMENT(.gnu.linkonce.irq_vector_table*))
 .gnu.linkonce.irq_vector_table
                0x0000000000000040      0x114 zephyr/CMakeFiles/zephyr_final.dir/isr_tables.c.obj
                0x0000000000000040                _irq_vector_table
 *(SORT_BY_ALIGNMENT(.vectors))
                0x0000000000000154                _vector_end = .

text            0x0000000000000154     0x4b60
                0x0000000000000154                __text_region_start = .
 *(SORT_BY_ALIGNMENT(.text))
 .text          0x0000000000000154       0x30 /opt/gnuarmemb/9-2019-q4-major/bin/../lib/gcc/arm-none-eabi/9.2.1/thumb/v8-m.main/nofp/libgcc.a(_aeabi_uldivmod.o)
                0x0000000000000154                __aeabi_uldivmod
 .text          0x0000000000000184      0x2c8 /opt/gnuarmemb/9-2019-q4-major/bin/../lib/gcc/arm-none-eabi/9.2.1/thumb/v8-m.main/nofp/libgcc.a(_udivmoddi4.o)
                0x0000000000000184                __udivmoddi4
 .text          0x000000000000044c        0x4 /opt/gnuarmemb/9-2019-q4-major/bin/../lib/gcc/arm-none-eabi/9.2.1/thumb/v8-m.main/nofp/libgcc.a(_dvmd_tls.o)
                0x000000000000044c                __aeabi_ldiv0
                0x000000000000044c                __aeabi_idiv0
 *(SORT_BY_ALIGNMENT(.text.*))
 .text.map_listner_state
                0x0000000000000450       0x24 app/libapp.a(main.c.obj)
                0x0000000000000450                map_listner_state
 .text.main     0x0000000000000474       0x74 app/libapp.a(main.c.obj)
                0x0000000000000474                main
 .text.trailer_listener_init
                0x00000000000004e8       0xbc app/libapp.a(trailer_listener.c.obj)
                0x00000000000004e8                trailer_listener_init
 .text.trailer_listener_read_state
                0x00000000000005a4       0x68 app/libapp.a(trailer_listener.c.obj)
                0x00000000000005a4                trailer_listener_read_state
 .text.trailer_listener_get_mapped_state
                0x000000000000060c       0x30 app/libapp.a(trailer_listener.c.obj)
                0x000000000000060c                trailer_listener_get_mapped_state
 .text.char_out
                0x000000000000063c       0x10 zephyr/libzephyr.a(printk.c.obj)
 .text.__printk_hook_install
                0x000000000000064c        0xc zephyr/libzephyr.a(printk.c.obj)
                0x000000000000064c                __printk_hook_install
 .text.vprintk  0x0000000000000658       0x1c zephyr/libzephyr.a(printk.c.obj)
                0x0000000000000658                vprintk
 .text.process_event
                0x0000000000000674      0x1cc zephyr/libzephyr.a(onoff.c.obj)
 .text.cbvprintf
                0x0000000000000840      0x780 zephyr/libzephyr.a(cbprintf_complete.c.obj)
                0x0000000000000840                cbvprintf
 .text.sys_reboot
                0x0000000000000fc0       0x30 zephyr/libzephyr.a(reboot.c.obj)
                0x0000000000000fc0                sys_reboot
 .text.nrf_gpio_pin_mcu_select.constprop.0
                0x0000000000000ff0       0x30 zephyr/libzephyr.a(soc.c.obj)
 .text.nordicsemi_nrf53_init
                0x0000000000001020       0x50 zephyr/libzephyr.a(soc.c.obj)
 .text.arch_busy_wait
                0x0000000000001070       0x24 zephyr/libzephyr.a(soc.c.obj)
                0x0000000000001070                arch_busy_wait
 .text.pm_power_state_set
                0x0000000000001094       0x28 zephyr/libzephyr.a(power.c.obj)
                0x0000000000001094                pm_power_state_set
 .text.pm_state_notify
                0x00000000000010bc       0x4c zephyr/libzephyr.a(power.c.obj)
 .text.pm_system_resume
                0x0000000000001108       0x4c zephyr/libzephyr.a(power.c.obj)
                0x0000000000001108                pm_system_resume
 .text.pm_system_suspend
                0x0000000000001154       0x88 zephyr/libzephyr.a(power.c.obj)
                0x0000000000001154                pm_system_suspend
 .text.nrf_cc3xx_platform_abort_init
                0x00000000000011dc        0xc zephyr/libzephyr.a(nrf_cc3xx_platform_abort_zephyr.c.obj)
                0x00000000000011dc                nrf_cc3xx_platform_abort_init
 .text.mutex_unlock_platform
                0x00000000000011e8       0x60 zephyr/libzephyr.a(nrf_cc3xx_platform_mutex_zephyr.c.obj)
 .text.mutex_free_platform
                0x0000000000001248       0x48 zephyr/libzephyr.a(nrf_cc3xx_platform_mutex_zephyr.c.obj)
 .text.mutex_init_platform
                0x0000000000001290       0x70 zephyr/libzephyr.a(nrf_cc3xx_platform_mutex_zephyr.c.obj)
 .text.mutex_lock_platform
                0x0000000000001300       0x68 zephyr/libzephyr.a(nrf_cc3xx_platform_mutex_zephyr.c.obj)
 .text.nrf_cc3xx_platform_mutex_init
                0x0000000000001368       0x2c zephyr/libzephyr.a(nrf_cc3xx_platform_mutex_zephyr.c.obj)
                0x0000000000001368                nrf_cc3xx_platform_mutex_init
 .text.z_arm_cpu_idle_init
                0x0000000000001394        0xc zephyr/arch/arch/arm/core/aarch32/libarch__arm__core__aarch32.a(cpu_idle.S.obj)
                0x0000000000001394                z_arm_cpu_idle_init
 .text.arch_cpu_idle
                0x00000000000013a0       0x1c zephyr/arch/arch/arm/core/aarch32/libarch__arm__core__aarch32.a(cpu_idle.S.obj)
                0x00000000000013a0                arch_cpu_idle
 .text.arch_cpu_atomic_idle
                0x00000000000013bc       0x14 zephyr/arch/arch/arm/core/aarch32/libarch__arm__core__aarch32.a(cpu_idle.S.obj)
                0x00000000000013bc                arch_cpu_atomic_idle
 .text.arch_irq_enable
                0x00000000000013d0       0x20 zephyr/arch/arch/arm/core/aarch32/libarch__arm__core__aarch32.a(irq_manage.c.obj)
                0x00000000000013d0                arch_irq_enable
 .text.arch_irq_is_enabled
                0x00000000000013f0       0x1c zephyr/arch/arch/arm/core/aarch32/libarch__arm__core__aarch32.a(irq_manage.c.obj)
                0x00000000000013f0                arch_irq_is_enabled
 .text.z_arm_irq_priority_set
                0x000000000000140c       0x2c zephyr/arch/arch/arm/core/aarch32/libarch__arm__core__aarch32.a(irq_manage.c.obj)
                0x000000000000140c                z_arm_irq_priority_set
 .text.z_SysNmiOnReset
                0x0000000000001438        0x8 zephyr/arch/arch/arm/core/aarch32/libarch__arm__core__aarch32.a(nmi_on_reset.S.obj)
                0x0000000000001438                z_SysNmiOnReset
 .text.z_arm_prep_c
                0x0000000000001440       0x38 zephyr/arch/arch/arm/core/aarch32/libarch__arm__core__aarch32.a(prep_c.c.obj)
                0x0000000000001440                z_arm_prep_c
 .text.arch_swap
                0x0000000000001478       0x34 zephyr/arch/arch/arm/core/aarch32/libarch__arm__core__aarch32.a(swap.c.obj)
                0x0000000000001478                arch_swap
 .text.z_arm_pendsv
                0x00000000000014ac       0x58 zephyr/arch/arch/arm/core/aarch32/libarch__arm__core__aarch32.a(swap_helper.S.obj)
                0x00000000000014ac                z_arm_pendsv
 .text.z_arm_svc
                0x0000000000001504       0x20 zephyr/arch/arch/arm/core/aarch32/libarch__arm__core__aarch32.a(swap_helper.S.obj)
                0x0000000000001504                z_arm_svc
 .text.arch_new_thread
                0x0000000000001524       0x38 zephyr/arch/arch/arm/core/aarch32/libarch__arm__core__aarch32.a(thread.c.obj)
                0x0000000000001524                arch_new_thread
 .text.arch_switch_to_main_thread
                0x000000000000155c       0x28 zephyr/arch/arch/arm/core/aarch32/libarch__arm__core__aarch32.a(thread.c.obj)
                0x000000000000155c                arch_switch_to_main_thread
 .text._isr_wrapper
                0x0000000000001584       0x40 zephyr/arch/arch/arm/core/aarch32/libarch__arm__core__aarch32.a(isr_wrapper.S.obj)
                0x0000000000001584                _isr_wrapper
 .text._HandlerModeExit
                0x00000000000015c4       0x1c zephyr/arch/arch/arm/core/aarch32/cortex_m/libarch__arm__core__aarch32__cortex_m.a(exc_exit.S.obj)
                0x00000000000015c4                z_arm_exc_exit
                0x00000000000015c4                z_arm_int_exit
 .text.mem_manage_fault.isra.0
                0x00000000000015e0       0x40 zephyr/arch/arch/arm/core/aarch32/cortex_m/libarch__arm__core__aarch32__cortex_m.a(fault.c.obj)
 .text.bus_fault.isra.0
                0x0000000000001620       0x3c zephyr/arch/arch/arm/core/aarch32/cortex_m/libarch__arm__core__aarch32__cortex_m.a(fault.c.obj)
 .text.usage_fault.isra.0
                0x000000000000165c       0x2c zephyr/arch/arch/arm/core/aarch32/cortex_m/libarch__arm__core__aarch32__cortex_m.a(fault.c.obj)
 .text.z_arm_fault
                0x0000000000001688      0x108 zephyr/arch/arch/arm/core/aarch32/cortex_m/libarch__arm__core__aarch32__cortex_m.a(fault.c.obj)
                0x0000000000001688                z_arm_fault
 .text.z_arm_fault_init
                0x0000000000001790       0x18 zephyr/arch/arch/arm/core/aarch32/cortex_m/libarch__arm__core__aarch32__cortex_m.a(fault.c.obj)
                0x0000000000001790                z_arm_fault_init
 .text.__fault  0x00000000000017a8       0x14 zephyr/arch/arch/arm/core/aarch32/cortex_m/libarch__arm__core__aarch32__cortex_m.a(fault_s.S.obj)
                0x00000000000017a8                z_arm_bus_fault
                0x00000000000017a8                z_arm_usage_fault
                0x00000000000017a8                z_arm_mpu_fault
                0x00000000000017a8                z_arm_exc_spurious
                0x00000000000017a8                z_arm_debug_monitor
                0x00000000000017a8                z_arm_hard_fault
 .text.z_arm_interrupt_init
                0x00000000000017bc       0x18 zephyr/arch/arch/arm/core/aarch32/cortex_m/libarch__arm__core__aarch32__cortex_m.a(irq_init.c.obj)
                0x00000000000017bc                z_arm_interrupt_init
 .text._reset_section
                0x00000000000017d4       0x60 zephyr/arch/arch/arm/core/aarch32/cortex_m/libarch__arm__core__aarch32__cortex_m.a(reset.S.obj)
                0x00000000000017d4                z_arm_reset
                0x00000000000017d4                __start
 .text.sys_arch_reboot
                0x0000000000001834       0x24 zephyr/arch/arch/arm/core/aarch32/cortex_m/libarch__arm__core__aarch32__cortex_m.a(scb.c.obj)
                0x0000000000001834                sys_arch_reboot
 .text.z_arm_clear_arm_mpu_config
                0x0000000000001858       0x20 zephyr/arch/arch/arm/core/aarch32/cortex_m/libarch__arm__core__aarch32__cortex_m.a(scb.c.obj)
                0x0000000000001858                z_arm_clear_arm_mpu_config
 .text.z_arm_init_arch_hw_at_boot
                0x0000000000001878       0x4c zephyr/arch/arch/arm/core/aarch32/cortex_m/libarch__arm__core__aarch32__cortex_m.a(scb.c.obj)
                0x0000000000001878                z_arm_init_arch_hw_at_boot
 .text.z_impl_k_thread_abort
                0x00000000000018c4       0x24 zephyr/arch/arch/arm/core/aarch32/cortex_m/libarch__arm__core__aarch32__cortex_m.a(thread_abort.c.obj)
                0x00000000000018c4                z_impl_k_thread_abort
 .text.z_arm_configure_static_mpu_regions
                0x00000000000018e8       0x38 zephyr/arch/arch/arm/core/aarch32/mpu/libarch__arm__core__aarch32__mpu.a(arm_core_mpu.c.obj)
                0x00000000000018e8                z_arm_configure_static_mpu_regions
 .text.region_init
                0x0000000000001920       0x30 zephyr/arch/arch/arm/core/aarch32/mpu/libarch__arm__core__aarch32__mpu.a(arm_mpu.c.obj)
 .text.mpu_configure_regions_and_partition.constprop.0
                0x0000000000001950      0x13c zephyr/arch/arch/arm/core/aarch32/mpu/libarch__arm__core__aarch32__mpu.a(arm_mpu.c.obj)
 .text.arm_core_mpu_enable
                0x0000000000001a8c       0x14 zephyr/arch/arch/arm/core/aarch32/mpu/libarch__arm__core__aarch32__mpu.a(arm_mpu.c.obj)
                0x0000000000001a8c                arm_core_mpu_enable
 .text.arm_core_mpu_disable
                0x0000000000001aa0       0x10 zephyr/arch/arch/arm/core/aarch32/mpu/libarch__arm__core__aarch32__mpu.a(arm_mpu.c.obj)
                0x0000000000001aa0                arm_core_mpu_disable
 .text.arm_core_mpu_configure_static_mpu_regions
                0x0000000000001ab0       0x14 zephyr/arch/arch/arm/core/aarch32/mpu/libarch__arm__core__aarch32__mpu.a(arm_mpu.c.obj)
                0x0000000000001ab0                arm_core_mpu_configure_static_mpu_regions
 .text.arm_core_mpu_mark_areas_for_dynamic_regions
                0x0000000000001ac4       0xac zephyr/arch/arch/arm/core/aarch32/mpu/libarch__arm__core__aarch32__mpu.a(arm_mpu.c.obj)
                0x0000000000001ac4                arm_core_mpu_mark_areas_for_dynamic_regions
 .text.z_arm_mpu_init
                0x0000000000001b70       0x4c zephyr/arch/arch/arm/core/aarch32/mpu/libarch__arm__core__aarch32__mpu.a(arm_mpu.c.obj)
                0x0000000000001b70                z_arm_mpu_init
 .text.__stdout_hook_install
                0x0000000000001bbc        0xc zephyr/lib/libc/minimal/liblib__libc__minimal.a(stdout_console.c.obj)
                0x0000000000001bbc                __stdout_hook_install
 .text.onoff_stop
                0x0000000000001bc8       0x48 zephyr/drivers/clock_control/libdrivers__clock_control.a(clock_control_nrf.c.obj)
 .text.onoff_start
                0x0000000000001c10       0x58 zephyr/drivers/clock_control/libdrivers__clock_control.a(clock_control_nrf.c.obj)
 .text.clk_init
                0x0000000000001c68       0x68 zephyr/drivers/clock_control/libdrivers__clock_control.a(clock_control_nrf.c.obj)
 .text.clkstarted_handle.constprop.0
                0x0000000000001cd0       0x34 zephyr/drivers/clock_control/libdrivers__clock_control.a(clock_control_nrf.c.obj)
 .text.clock_event_handler
                0x0000000000001d04       0x30 zephyr/drivers/clock_control/libdrivers__clock_control.a(clock_control_nrf.c.obj)
 .text.generic_hfclk_start
                0x0000000000001d34       0x64 zephyr/drivers/clock_control/libdrivers__clock_control.a(clock_control_nrf.c.obj)
 .text.generic_hfclk_stop
                0x0000000000001d98       0x24 zephyr/drivers/clock_control/libdrivers__clock_control.a(clock_control_nrf.c.obj)
 .text.api_blocking_start
                0x0000000000001dbc       0x34 zephyr/drivers/clock_control/libdrivers__clock_control.a(clock_control_nrf.c.obj)
 .text.z_nrf_clock_control_lf_on
                0x0000000000001df0      0x10c zephyr/drivers/clock_control/libdrivers__clock_control.a(clock_control_nrf.c.obj)
                0x0000000000001df0                z_nrf_clock_control_lf_on
 .text.uart_console_init
                0x0000000000001efc       0x30 zephyr/drivers/console/libdrivers__console.a(uart_console.c.obj)
 .text.console_out
                0x0000000000001f2c       0x28 zephyr/drivers/console/libdrivers__console.a(uart_console.c.obj)
 .text.gpio_nrfx_init
                0x0000000000001f54       0x30 zephyr/drivers/gpio/libdrivers__gpio.a(gpio_nrfx.c.obj)
 .text.gpio_nrfx_config
                0x0000000000001f84       0xcc zephyr/drivers/gpio/libdrivers__gpio.a(gpio_nrfx.c.obj)
 .text.nrf_gpio_cfg_sense_set
                0x0000000000002050       0x30 zephyr/drivers/gpio/libdrivers__gpio.a(gpio_nrfx.c.obj)
 .text.check_level_trigger_pins
                0x0000000000002080       0x94 zephyr/drivers/gpio/libdrivers__gpio.a(gpio_nrfx.c.obj)
 .text.gpio_nrfx_pin_interrupt_configure
                0x0000000000002114      0x1a8 zephyr/drivers/gpio/libdrivers__gpio.a(gpio_nrfx.c.obj)
 .text.gpiote_event_handler
                0x00000000000022bc       0xc0 zephyr/drivers/gpio/libdrivers__gpio.a(gpio_nrfx.c.obj)
 .text.uarte_nrfx_configure
                0x000000000000237c      0x184 zephyr/drivers/serial/libdrivers__serial.a(uart_nrfx_uarte.c.obj)
 .text.nrf_gpio_cfg_input
                0x0000000000002500       0x30 zephyr/drivers/serial/libdrivers__serial.a(uart_nrfx_uarte.c.obj)
 .text.uarte_nrfx_poll_out
                0x0000000000002530       0xc4 zephyr/drivers/serial/libdrivers__serial.a(uart_nrfx_uarte.c.obj)
 .text.nrf_gpio_pin_set
                0x00000000000025f4       0x24 zephyr/drivers/serial/libdrivers__serial.a(uart_nrfx_uarte.c.obj)
 .text.nrf_gpio_cfg_output
                0x0000000000002618       0x30 zephyr/drivers/serial/libdrivers__serial.a(uart_nrfx_uarte.c.obj)
 .text.uarte_0_init
                0x0000000000002648      0x110 zephyr/drivers/serial/libdrivers__serial.a(uart_nrfx_uarte.c.obj)
 .text.sys_clock_timeout_handler
                0x0000000000002758       0x78 zephyr/drivers/timer/libdrivers__timer.a(nrf_rtc_timer.c.obj)
 .text.compare_int_lock
                0x00000000000027d0       0x44 zephyr/drivers/timer/libdrivers__timer.a(nrf_rtc_timer.c.obj)
 .text.compare_int_unlock.part.0
                0x0000000000002814       0x4c zephyr/drivers/timer/libdrivers__timer.a(nrf_rtc_timer.c.obj)
 .text.z_nrf_rtc_timer_read
                0x0000000000002860       0x44 zephyr/drivers/timer/libdrivers__timer.a(nrf_rtc_timer.c.obj)
                0x0000000000002860                z_nrf_rtc_timer_read
 .text.compare_set
                0x00000000000028a4      0x140 zephyr/drivers/timer/libdrivers__timer.a(nrf_rtc_timer.c.obj)
 .text.rtc_nrf_isr
                0x00000000000029e4       0xe8 zephyr/drivers/timer/libdrivers__timer.a(nrf_rtc_timer.c.obj)
                0x00000000000029e4                rtc_nrf_isr
 .text.sys_clock_driver_init
                0x0000000000002acc       0x88 zephyr/drivers/timer/libdrivers__timer.a(nrf_rtc_timer.c.obj)
                0x0000000000002acc                sys_clock_driver_init
 .text.sys_clock_set_timeout
                0x0000000000002b54       0x60 zephyr/drivers/timer/libdrivers__timer.a(nrf_rtc_timer.c.obj)
                0x0000000000002b54                sys_clock_set_timeout
 .text.sys_clock_elapsed
                0x0000000000002bb4       0x14 zephyr/drivers/timer/libdrivers__timer.a(nrf_rtc_timer.c.obj)
                0x0000000000002bb4                sys_clock_elapsed
 .text.nrf53_errata_42
                0x0000000000002bc8       0x28 modules/hal_nordic/nrfx/libmodules__hal_nordic__nrfx.a(system_nrf5340_application.c.obj)
 .text.SystemCoreClockUpdate
                0x0000000000002bf0       0x20 modules/hal_nordic/nrfx/libmodules__hal_nordic__nrfx.a(system_nrf5340_application.c.obj)
                0x0000000000002bf0                SystemCoreClockUpdate
 .text.SystemInit
                0x0000000000002c10      0x11c modules/hal_nordic/nrfx/libmodules__hal_nordic__nrfx.a(system_nrf5340_application.c.obj)
                0x0000000000002c10                SystemInit
 .text.nrfx_clock_init
                0x0000000000002d2c       0x20 modules/hal_nordic/nrfx/libmodules__hal_nordic__nrfx.a(nrfx_clock.c.obj)
                0x0000000000002d2c                nrfx_clock_init
 .text.nrfx_clock_start
                0x0000000000002d4c       0xa8 modules/hal_nordic/nrfx/libmodules__hal_nordic__nrfx.a(nrfx_clock.c.obj)
                0x0000000000002d4c                nrfx_clock_start
 .text.nrfx_clock_stop
                0x0000000000002df4       0xdc modules/hal_nordic/nrfx/libmodules__hal_nordic__nrfx.a(nrfx_clock.c.obj)
                0x0000000000002df4                nrfx_clock_stop
 .text.nrfx_power_clock_irq_handler
                0x0000000000002ed0       0xb0 modules/hal_nordic/nrfx/libmodules__hal_nordic__nrfx.a(nrfx_clock.c.obj)
                0x0000000000002ed0                nrfx_power_clock_irq_handler
 .text.nrfx_dppi_channel_alloc
                0x0000000000002f80       0x50 modules/hal_nordic/nrfx/libmodules__hal_nordic__nrfx.a(nrfx_dppi.c.obj)
                0x0000000000002f80                nrfx_dppi_channel_alloc
 .text.nrfx_gpiote_channel_free
                0x0000000000002fd0       0x44 modules/hal_nordic/nrfx/libmodules__hal_nordic__nrfx.a(nrfx_gpiote.c.obj)
                0x0000000000002fd0                nrfx_gpiote_channel_free
 .text.nrfx_gpiote_channel_alloc
                0x0000000000003014       0x70 modules/hal_nordic/nrfx/libmodules__hal_nordic__nrfx.a(nrfx_gpiote.c.obj)
                0x0000000000003014                nrfx_gpiote_channel_alloc
 .text.z_sys_init_run_level
                0x0000000000003084       0x40 zephyr/kernel/libkernel.a(device.c.obj)
                0x0000000000003084                z_sys_init_run_level
 .text.init_idle_thread
                0x00000000000030c4       0x54 zephyr/kernel/libkernel.a(init.c.obj)
 .text.bg_thread_main
                0x0000000000003118       0x34 zephyr/kernel/libkernel.a(init.c.obj)
 .text.z_bss_zero
                0x000000000000314c       0x14 zephyr/kernel/libkernel.a(init.c.obj)
                0x000000000000314c                z_bss_zero
 .text.z_cstart
                0x0000000000003160       0xe4 zephyr/kernel/libkernel.a(init.c.obj)
                0x0000000000003160                z_cstart
 .text.init_mem_slab_module
                0x0000000000003244       0x44 zephyr/kernel/libkernel.a(mem_slab.c.obj)
 .text.k_mem_slab_alloc
                0x0000000000003288       0x60 zephyr/kernel/libkernel.a(mem_slab.c.obj)
                0x0000000000003288                k_mem_slab_alloc
 .text.z_setup_new_thread
                0x00000000000032e8       0x60 zephyr/kernel/libkernel.a(thread.c.obj)
                0x00000000000032e8                z_setup_new_thread
 .text.z_init_static_threads
                0x0000000000003348       0xbc zephyr/kernel/libkernel.a(thread.c.obj)
                0x0000000000003348                z_init_static_threads
 .text.idle     0x0000000000003404       0x2c zephyr/kernel/libkernel.a(idle.c.obj)
                0x0000000000003404                idle
 .text.z_impl_k_mutex_lock
                0x0000000000003430       0xfc zephyr/kernel/libkernel.a(mutex.c.obj)
                0x0000000000003430                z_impl_k_mutex_lock
 .text.z_impl_k_mutex_unlock
                0x000000000000352c       0x8c zephyr/kernel/libkernel.a(mutex.c.obj)
                0x000000000000352c                z_impl_k_mutex_unlock
 .text.z_impl_k_sem_give
                0x00000000000035b8       0x40 zephyr/kernel/libkernel.a(sem.c.obj)
                0x00000000000035b8                z_impl_k_sem_give
 .text.z_impl_k_sem_take
                0x00000000000035f8       0x54 zephyr/kernel/libkernel.a(sem.c.obj)
                0x00000000000035f8                z_impl_k_sem_take
 .text.z_reset_time_slice
                0x000000000000364c       0x2c zephyr/kernel/libkernel.a(sched.c.obj)
                0x000000000000364c                z_reset_time_slice
 .text.k_sched_time_slice_set
                0x0000000000003678       0x64 zephyr/kernel/libkernel.a(sched.c.obj)
                0x0000000000003678                k_sched_time_slice_set
 .text.z_reschedule
                0x00000000000036dc       0x24 zephyr/kernel/libkernel.a(sched.c.obj)
                0x00000000000036dc                z_reschedule
 .text.k_sched_lock
                0x0000000000003700       0x28 zephyr/kernel/libkernel.a(sched.c.obj)
                0x0000000000003700                k_sched_lock
 .text.update_cache
                0x0000000000003728       0x40 zephyr/kernel/libkernel.a(sched.c.obj)
 .text.move_thread_to_end_of_prio_q
                0x0000000000003768       0x7c zephyr/kernel/libkernel.a(sched.c.obj)
 .text.z_time_slice
                0x00000000000037e4       0x84 zephyr/kernel/libkernel.a(sched.c.obj)
                0x00000000000037e4                z_time_slice
 .text.ready_thread
                0x0000000000003868       0x70 zephyr/kernel/libkernel.a(sched.c.obj)
 .text.z_sched_start
                0x00000000000038d8       0x3c zephyr/kernel/libkernel.a(sched.c.obj)
                0x00000000000038d8                z_sched_start
 .text.unready_thread
                0x0000000000003914       0x30 zephyr/kernel/libkernel.a(sched.c.obj)
 .text.pend     0x0000000000003944       0x4c zephyr/kernel/libkernel.a(sched.c.obj)
 .text.z_pend_curr
                0x0000000000003990       0x28 zephyr/kernel/libkernel.a(sched.c.obj)
                0x0000000000003990                z_pend_curr
 .text.z_set_prio
                0x00000000000039b8       0x98 zephyr/kernel/libkernel.a(sched.c.obj)
                0x00000000000039b8                z_set_prio
 .text.z_impl_k_thread_suspend
                0x0000000000003a50       0x64 zephyr/kernel/libkernel.a(sched.c.obj)
                0x0000000000003a50                z_impl_k_thread_suspend
 .text.k_sched_unlock
                0x0000000000003ab4       0x38 zephyr/kernel/libkernel.a(sched.c.obj)
                0x0000000000003ab4                k_sched_unlock
 .text.z_sched_init
                0x0000000000003aec       0x18 zephyr/kernel/libkernel.a(sched.c.obj)
                0x0000000000003aec                z_sched_init
 .text.z_impl_k_yield
                0x0000000000003b04       0x84 zephyr/kernel/libkernel.a(sched.c.obj)
                0x0000000000003b04                z_impl_k_yield
 .text.z_tick_sleep
                0x0000000000003b88       0x98 zephyr/kernel/libkernel.a(sched.c.obj)
 .text.z_impl_k_sleep
                0x0000000000003c20       0x34 zephyr/kernel/libkernel.a(sched.c.obj)
                0x0000000000003c20                z_impl_k_sleep
 .text.z_impl_z_current_get
                0x0000000000003c54        0xc zephyr/kernel/libkernel.a(sched.c.obj)
                0x0000000000003c54                z_impl_z_current_get
 .text.z_thread_abort
                0x0000000000003c60       0xa4 zephyr/kernel/libkernel.a(sched.c.obj)
                0x0000000000003c60                z_thread_abort
 .text.z_data_copy
                0x0000000000003d04       0x34 zephyr/kernel/libkernel.a(xip.c.obj)
                0x0000000000003d04                z_data_copy
 .text.elapsed  0x0000000000003d38       0x14 zephyr/kernel/libkernel.a(timeout.c.obj)
 .text.remove_timeout
                0x0000000000003d4c       0x34 zephyr/kernel/libkernel.a(timeout.c.obj)
 .text.next_timeout
                0x0000000000003d80       0x58 zephyr/kernel/libkernel.a(timeout.c.obj)
 .text.z_add_timeout
                0x0000000000003dd8      0x110 zephyr/kernel/libkernel.a(timeout.c.obj)
                0x0000000000003dd8                z_add_timeout
 .text.sys_clock_announce
                0x0000000000003ee8       0xd4 zephyr/kernel/libkernel.a(timeout.c.obj)
                0x0000000000003ee8                sys_clock_announce
 .text.sys_clock_tick_get
                0x0000000000003fbc       0x34 zephyr/kernel/libkernel.a(timeout.c.obj)
                0x0000000000003fbc                sys_clock_tick_get
 .text.boot_banner
                0x0000000000003ff0       0x18 zephyr/kernel/libkernel.a(banner.c.obj)
                0x0000000000003ff0                boot_banner
 .text.nrf_cc3xx_platform_init_no_rng
                0x0000000000004008       0x38 /home/akarner/ncs/nrfxlib/crypto/nrf_cc312_platform/lib/cortex-m33/soft-float/no-interrupts/libnrf_cc312_platform_0.9.12.a(nrf_cc3xx_platform.c.obj)
                0x0000000000004008                nrf_cc3xx_platform_init_no_rng
 .text.nrf_cc3xx_platform_abort
                0x0000000000004040       0x24 /home/akarner/ncs/nrfxlib/crypto/nrf_cc312_platform/lib/cortex-m33/soft-float/no-interrupts/libnrf_cc312_platform_0.9.12.a(nrf_cc3xx_platform_abort.c.obj)
 .text.CC_PalAbort
                0x0000000000004064       0x40 /home/akarner/ncs/nrfxlib/crypto/nrf_cc312_platform/lib/cortex-m33/soft-float/no-interrupts/libnrf_cc312_platform_0.9.12.a(nrf_cc3xx_platform_abort.c.obj)
                0x0000000000004064                CC_PalAbort
 .text.nrf_cc3xx_platform_set_abort
                0x00000000000040a4       0x10 /home/akarner/ncs/nrfxlib/crypto/nrf_cc312_platform/lib/cortex-m33/soft-float/no-interrupts/libnrf_cc312_platform_0.9.12.a(nrf_cc3xx_platform_abort.c.obj)
                0x00000000000040a4                nrf_cc3xx_platform_set_abort
 .text.mutex_free
                0x00000000000040b4       0x28 /home/akarner/ncs/nrfxlib/crypto/nrf_cc312_platform/lib/cortex-m33/soft-float/no-interrupts/libnrf_cc312_platform_0.9.12.a(nrf_cc3xx_platform_mutex.c.obj)
 .text.mutex_unlock
                0x00000000000040dc       0x2c /home/akarner/ncs/nrfxlib/crypto/nrf_cc312_platform/lib/cortex-m33/soft-float/no-interrupts/libnrf_cc312_platform_0.9.12.a(nrf_cc3xx_platform_mutex.c.obj)
 .text.mutex_init
                0x0000000000004108       0x1c /home/akarner/ncs/nrfxlib/crypto/nrf_cc312_platform/lib/cortex-m33/soft-float/no-interrupts/libnrf_cc312_platform_0.9.12.a(nrf_cc3xx_platform_mutex.c.obj)
 .text.mutex_lock
                0x0000000000004124       0x3c /home/akarner/ncs/nrfxlib/crypto/nrf_cc312_platform/lib/cortex-m33/soft-float/no-interrupts/libnrf_cc312_platform_0.9.12.a(nrf_cc3xx_platform_mutex.c.obj)
 .text.nrf_cc3xx_platform_set_mutexes
                0x0000000000004160       0x64 /home/akarner/ncs/nrfxlib/crypto/nrf_cc312_platform/lib/cortex-m33/soft-float/no-interrupts/libnrf_cc312_platform_0.9.12.a(nrf_cc3xx_platform_mutex.c.obj)
                0x0000000000004160                nrf_cc3xx_platform_set_mutexes
 .text.CC_LibInitNoRng
                0x00000000000041c4       0x24 /home/akarner/ncs/nrfxlib/crypto/nrf_cc312_platform/lib/cortex-m33/soft-float/no-interrupts/libnrf_cc312_platform_0.9.12.a(cc_lib.c.obj)
                0x00000000000041c4                CC_LibInitNoRng
 .text.CC_HalInit
                0x00000000000041e8        0x4 /home/akarner/ncs/nrfxlib/crypto/nrf_cc312_platform/lib/cortex-m33/soft-float/no-interrupts/libnrf_cc312_platform_0.9.12.a(cc_hal.c.obj)
                0x00000000000041e8                CC_HalInit
 .text.CC_PalInit
                0x00000000000041ec       0x5c /home/akarner/ncs/nrfxlib/crypto/nrf_cc312_platform/lib/cortex-m33/soft-float/no-interrupts/libnrf_cc312_platform_0.9.12.a(cc_pal.c.obj)
                0x00000000000041ec                CC_PalInit
 .text.CC_PalTerminate
                0x0000000000004248       0x34 /home/akarner/ncs/nrfxlib/crypto/nrf_cc312_platform/lib/cortex-m33/soft-float/no-interrupts/libnrf_cc312_platform_0.9.12.a(cc_pal.c.obj)
                0x0000000000004248                CC_PalTerminate
 .text.CC_PalDmaInit
                0x000000000000427c        0x4 /home/akarner/ncs/nrfxlib/crypto/nrf_cc312_platform/lib/cortex-m33/soft-float/no-interrupts/libnrf_cc312_platform_0.9.12.a(cc_pal_dma.c.obj)
                0x000000000000427c                CC_PalDmaInit
 .text.CC_PalDmaTerminate
                0x0000000000004280        0x4 /home/akarner/ncs/nrfxlib/crypto/nrf_cc312_platform/lib/cortex-m33/soft-float/no-interrupts/libnrf_cc312_platform_0.9.12.a(cc_pal_dma.c.obj)
                0x0000000000004280                CC_PalDmaTerminate
 .text.CC_PalMutexCreate
                0x0000000000004284       0x14 /home/akarner/ncs/nrfxlib/crypto/nrf_cc312_platform/lib/cortex-m33/soft-float/no-interrupts/libnrf_cc312_platform_0.9.12.a(cc_pal_mutex.c.obj)
                0x0000000000004284                CC_PalMutexCreate
 .text.CC_PalMutexDestroy
                0x0000000000004298       0x14 /home/akarner/ncs/nrfxlib/crypto/nrf_cc312_platform/lib/cortex-m33/soft-float/no-interrupts/libnrf_cc312_platform_0.9.12.a(cc_pal_mutex.c.obj)
                0x0000000000004298                CC_PalMutexDestroy
 .text.CC_PalPowerSaveModeInit
                0x00000000000042ac       0x3c /home/akarner/ncs/nrfxlib/crypto/nrf_cc312_platform/lib/cortex-m33/soft-float/no-interrupts/libnrf_cc312_platform_0.9.12.a(cc_pal_pm.c.obj)
                0x00000000000042ac                CC_PalPowerSaveModeInit
 .text._OffsetAbsSyms
                0x00000000000042e8        0x2 zephyr/CMakeFiles/offsets.dir/./arch/arm/core/offsets/offsets.c.obj
                0x00000000000042e8                _OffsetAbsSyms
 .text.sys_notify_validate
                0x00000000000042ea       0x22 zephyr/libzephyr.a(notify.c.obj)
                0x00000000000042ea                sys_notify_validate
 .text.sys_notify_finalize
                0x000000000000430c       0x1a zephyr/libzephyr.a(notify.c.obj)
                0x000000000000430c                sys_notify_finalize
 .text.arch_printk_char_out
                0x0000000000004326        0x4 zephyr/libzephyr.a(printk.c.obj)
                0x0000000000004326                arch_printk_char_out
 .text.printk   0x000000000000432a       0x1a zephyr/libzephyr.a(printk.c.obj)
                0x000000000000432a                printk
 .text.process_recheck
                0x0000000000004344       0x38 zephyr/libzephyr.a(onoff.c.obj)
 .text.notify_one
                0x000000000000437c       0x2c zephyr/libzephyr.a(onoff.c.obj)
 .text.transition_complete
                0x00000000000043a8       0x1c zephyr/libzephyr.a(onoff.c.obj)
 .text.validate_args
                0x00000000000043c4       0x1e zephyr/libzephyr.a(onoff.c.obj)
 .text.onoff_manager_init
                0x00000000000043e2       0x26 zephyr/libzephyr.a(onoff.c.obj)
                0x00000000000043e2                onoff_manager_init
 .text.onoff_request
                0x0000000000004408       0x92 zephyr/libzephyr.a(onoff.c.obj)
                0x0000000000004408                onoff_request
 .text.z_thread_entry
                0x000000000000449a       0x14 zephyr/libzephyr.a(thread_entry.c.obj)
                0x000000000000449a                z_thread_entry
 .text.encode_uint
                0x00000000000044ae       0x96 zephyr/libzephyr.a(cbprintf_complete.c.obj)
 .text.outs     0x0000000000004544       0x2c zephyr/libzephyr.a(cbprintf_complete.c.obj)
 .text._ConfigAbsSyms
                0x0000000000004570        0x2 zephyr/libzephyr.a(configs.c.obj)
                0x0000000000004570                _ConfigAbsSyms
 .text.pm_power_state_exit_post_ops
                0x0000000000004572       0x16 zephyr/libzephyr.a(power.c.obj)
                0x0000000000004572                pm_power_state_exit_post_ops
 .text.pm_policy_next_state
                0x0000000000004588        0xa zephyr/libzephyr.a(policy_residency.c.obj)
                0x0000000000004588                pm_policy_next_state
 .text.abort_function
                0x0000000000004592        0x8 zephyr/libzephyr.a(nrf_cc3xx_platform_abort_zephyr.c.obj)
 .text.z_arm_fatal_error
                0x000000000000459a        0x4 zephyr/arch/arch/arm/core/aarch32/libarch__arm__core__aarch32.a(fatal.c.obj)
                0x000000000000459a                z_arm_fatal_error
 .text.z_do_kernel_oops
                0x000000000000459e        0x8 zephyr/arch/arch/arm/core/aarch32/libarch__arm__core__aarch32.a(fatal.c.obj)
                0x000000000000459e                z_do_kernel_oops
 .text.z_irq_spurious
                0x00000000000045a6        0x8 zephyr/arch/arch/arm/core/aarch32/libarch__arm__core__aarch32.a(irq_manage.c.obj)
                0x00000000000045a6                z_irq_spurious
 .text.z_arm_nmi
                0x00000000000045ae        0xe zephyr/arch/arch/arm/core/aarch32/libarch__arm__core__aarch32.a(nmi.c.obj)
                0x00000000000045ae                z_arm_nmi
 .text.configure_builtin_stack_guard
                0x00000000000045bc        0x8 zephyr/arch/arch/arm/core/aarch32/libarch__arm__core__aarch32.a(thread.c.obj)
                0x00000000000045bc                configure_builtin_stack_guard
 .text.arm_cmse_mpu_region_get
                0x00000000000045c4       0x12 zephyr/arch/arch/arm/core/aarch32/cortex_m/cmse/libarch__arm__core__aarch32__cortex_m__cmse.a(arm_core_cmse.c.obj)
                0x00000000000045c4                arm_cmse_mpu_region_get
 .text.mpu_configure_region
                0x00000000000045d6       0x3a zephyr/arch/arch/arm/core/aarch32/mpu/libarch__arm__core__aarch32__mpu.a(arm_mpu.c.obj)
 .text.strlen   0x0000000000004610        0xe zephyr/lib/libc/minimal/liblib__libc__minimal.a(string.c.obj)
                0x0000000000004610                strlen
 .text.strnlen  0x000000000000461e       0x12 zephyr/lib/libc/minimal/liblib__libc__minimal.a(string.c.obj)
                0x000000000000461e                strnlen
 .text.memcpy   0x0000000000004630       0x16 zephyr/lib/libc/minimal/liblib__libc__minimal.a(string.c.obj)
                0x0000000000004630                memcpy
 .text.memset   0x0000000000004646       0x12 zephyr/lib/libc/minimal/liblib__libc__minimal.a(string.c.obj)
                0x0000000000004646                memset
 .text._stdout_hook_default
                0x0000000000004658        0x6 zephyr/lib/libc/minimal/liblib__libc__minimal.a(stdout_console.c.obj)
 .text.get_status
                0x000000000000465e       0x12 zephyr/drivers/clock_control/libdrivers__clock_control.a(clock_control_nrf.c.obj)
 .text.set_off_state
                0x0000000000004670       0x32 zephyr/drivers/clock_control/libdrivers__clock_control.a(clock_control_nrf.c.obj)
 .text.set_starting_state
                0x00000000000046a2       0x3c zephyr/drivers/clock_control/libdrivers__clock_control.a(clock_control_nrf.c.obj)
 .text.set_on_state
                0x00000000000046de       0x26 zephyr/drivers/clock_control/libdrivers__clock_control.a(clock_control_nrf.c.obj)
 .text.onoff_started_callback
                0x0000000000004704       0x12 zephyr/drivers/clock_control/libdrivers__clock_control.a(clock_control_nrf.c.obj)
 .text.hfclkaudio_start
                0x0000000000004716        0x6 zephyr/drivers/clock_control/libdrivers__clock_control.a(clock_control_nrf.c.obj)
 .text.hfclk192m_start
                0x000000000000471c        0x6 zephyr/drivers/clock_control/libdrivers__clock_control.a(clock_control_nrf.c.obj)
 .text.lfclk_start
                0x0000000000004722        0x6 zephyr/drivers/clock_control/libdrivers__clock_control.a(clock_control_nrf.c.obj)
 .text.hfclkaudio_stop
                0x0000000000004728        0x6 zephyr/drivers/clock_control/libdrivers__clock_control.a(clock_control_nrf.c.obj)
 .text.hfclk192m_stop
                0x000000000000472e        0x6 zephyr/drivers/clock_control/libdrivers__clock_control.a(clock_control_nrf.c.obj)
 .text.lfclk_stop
                0x0000000000004734        0x6 zephyr/drivers/clock_control/libdrivers__clock_control.a(clock_control_nrf.c.obj)
 .text.blocking_start_callback
                0x000000000000473a        0x6 zephyr/drivers/clock_control/libdrivers__clock_control.a(clock_control_nrf.c.obj)
 .text.api_stop
                0x0000000000004740       0x28 zephyr/drivers/clock_control/libdrivers__clock_control.a(clock_control_nrf.c.obj)
 .text.api_start
                0x0000000000004768       0x36 zephyr/drivers/clock_control/libdrivers__clock_control.a(clock_control_nrf.c.obj)
 .text.gpio_fire_callbacks
                0x000000000000479e       0x30 zephyr/drivers/gpio/libdrivers__gpio.a(gpio_nrfx.c.obj)
 .text.gpio_nrfx_port_get_raw
                0x00000000000047ce        0xc zephyr/drivers/gpio/libdrivers__gpio.a(gpio_nrfx.c.obj)
 .text.gpio_nrfx_port_set_masked_raw
                0x00000000000047da       0x12 zephyr/drivers/gpio/libdrivers__gpio.a(gpio_nrfx.c.obj)
 .text.gpio_nrfx_port_set_bits_raw
                0x00000000000047ec        0xa zephyr/drivers/gpio/libdrivers__gpio.a(gpio_nrfx.c.obj)
 .text.gpio_nrfx_port_clear_bits_raw
                0x00000000000047f6        0xa zephyr/drivers/gpio/libdrivers__gpio.a(gpio_nrfx.c.obj)
 .text.gpio_nrfx_port_toggle_bits
                0x0000000000004800        0xe zephyr/drivers/gpio/libdrivers__gpio.a(gpio_nrfx.c.obj)
 .text.gpio_nrfx_manage_callback
                0x000000000000480e       0x56 zephyr/drivers/gpio/libdrivers__gpio.a(gpio_nrfx.c.obj)
 .text.cfg_level_pins
                0x0000000000004864       0x4c zephyr/drivers/gpio/libdrivers__gpio.a(gpio_nrfx.c.obj)
 .text.uarte_nrfx_isr_int
                0x00000000000048b0       0x74 zephyr/drivers/serial/libdrivers__serial.a(uart_nrfx_uarte.c.obj)
 .text.uarte_nrfx_config_get
                0x0000000000004924       0x10 zephyr/drivers/serial/libdrivers__serial.a(uart_nrfx_uarte.c.obj)
 .text.uarte_nrfx_err_check
                0x0000000000004934        0xe zephyr/drivers/serial/libdrivers__serial.a(uart_nrfx_uarte.c.obj)
 .text.is_tx_ready
                0x0000000000004942       0x20 zephyr/drivers/serial/libdrivers__serial.a(uart_nrfx_uarte.c.obj)
 .text.uarte_nrfx_poll_in
                0x0000000000004962       0x26 zephyr/drivers/serial/libdrivers__serial.a(uart_nrfx_uarte.c.obj)
 .text.sys_clock_isr
                0x0000000000004988        0x2 zephyr/drivers/timer/libdrivers__timer.a(sys_clock_init.c.obj)
                0x0000000000004988                sys_clock_isr
 .text.sys_clock_idle_exit
                0x000000000000498a        0x2 zephyr/drivers/timer/libdrivers__timer.a(sys_clock_init.c.obj)
                0x000000000000498a                sys_clock_idle_exit
 .text.sys_clock_disable
                0x000000000000498c        0x2 zephyr/drivers/timer/libdrivers__timer.a(sys_clock_init.c.obj)
                0x000000000000498c                sys_clock_disable
 .text.k_sys_fatal_error_handler
                0x000000000000498e        0x8 modules/nrf/lib/fatal_error/lib..__nrf__lib__fatal_error.a(fatal_error.c.obj)
                0x000000000000498e                k_sys_fatal_error_handler
 .text.hw_cc3xx_init_internal
                0x0000000000004996        0x4 modules/nrf/drivers/hw_cc310/lib..__nrf__drivers__hw_cc310.a(hw_cc310.c.obj)
 .text.hw_cc3xx_init
                0x000000000000499a       0x12 modules/nrf/drivers/hw_cc310/lib..__nrf__drivers__hw_cc310.a(hw_cc310.c.obj)
 .text.nrfx_isr
                0x00000000000049ac        0x2 modules/hal_nordic/nrfx/libmodules__hal_nordic__nrfx.a(nrfx_glue.c.obj)
                0x00000000000049ac                nrfx_isr
 .text.nrfx_busy_wait
                0x00000000000049ae        0x4 modules/hal_nordic/nrfx/libmodules__hal_nordic__nrfx.a(nrfx_glue.c.obj)
                0x00000000000049ae                nrfx_busy_wait
 .text.nrfx_clock_enable
                0x00000000000049b2       0x20 modules/hal_nordic/nrfx/libmodules__hal_nordic__nrfx.a(nrfx_clock.c.obj)
                0x00000000000049b2                nrfx_clock_enable
 .text.z_device_state_init
                0x00000000000049d2        0x2 zephyr/kernel/libkernel.a(device.c.obj)
                0x00000000000049d2                z_device_state_init
 .text.z_device_ready
                0x00000000000049d4       0x14 zephyr/kernel/libkernel.a(device.c.obj)
                0x00000000000049d4                z_device_ready
 .text.z_fatal_error
                0x00000000000049e8       0x36 zephyr/kernel/libkernel.a(fatal.c.obj)
                0x00000000000049e8                z_fatal_error
 .text.k_mem_slab_init
                0x0000000000004a1e       0x36 zephyr/kernel/libkernel.a(mem_slab.c.obj)
                0x0000000000004a1e                k_mem_slab_init
 .text.k_mem_slab_free
                0x0000000000004a54       0x52 zephyr/kernel/libkernel.a(mem_slab.c.obj)
                0x0000000000004a54                k_mem_slab_free
 .text.k_is_in_isr
                0x0000000000004aa6        0xc zephyr/kernel/libkernel.a(thread.c.obj)
                0x0000000000004aa6                k_is_in_isr
 .text.z_pm_save_idle_exit
                0x0000000000004ab2        0xe zephyr/kernel/libkernel.a(idle.c.obj)
                0x0000000000004ab2                z_pm_save_idle_exit
 .text.z_impl_k_mutex_init
                0x0000000000004ac0        0xe zephyr/kernel/libkernel.a(mutex.c.obj)
                0x0000000000004ac0                z_impl_k_mutex_init
 .text.sys_dlist_remove
                0x0000000000004ace       0x10 zephyr/kernel/libkernel.a(sched.c.obj)
 .text.unpend_thread_no_timeout
                0x0000000000004ade       0x14 zephyr/kernel/libkernel.a(sched.c.obj)
 .text.z_reschedule_irqlock
                0x0000000000004af2       0x18 zephyr/kernel/libkernel.a(sched.c.obj)
                0x0000000000004af2                z_reschedule_irqlock
 .text.z_reschedule_unlocked
                0x0000000000004b0a       0x14 zephyr/kernel/libkernel.a(sched.c.obj)
 .text.z_priq_dumb_best
                0x0000000000004b1e       0x14 zephyr/kernel/libkernel.a(sched.c.obj)
                0x0000000000004b1e                z_priq_dumb_best
 .text.z_ready_thread
                0x0000000000004b32       0x20 zephyr/kernel/libkernel.a(sched.c.obj)
                0x0000000000004b32                z_ready_thread
 .text.z_thread_timeout
                0x0000000000004b52       0x44 zephyr/kernel/libkernel.a(sched.c.obj)
                0x0000000000004b52                z_thread_timeout
 .text.add_to_waitq_locked
                0x0000000000004b96       0x5a zephyr/kernel/libkernel.a(sched.c.obj)
 .text.z_unpend_first_thread
                0x0000000000004bf0       0x30 zephyr/kernel/libkernel.a(sched.c.obj)
                0x0000000000004bf0                z_unpend_first_thread
 .text.z_abort_timeout
                0x0000000000004c20       0x2c zephyr/kernel/libkernel.a(timeout.c.obj)
                0x0000000000004c20                z_abort_timeout
 .text.z_get_next_timeout_expiry
                0x0000000000004c4c       0x20 zephyr/kernel/libkernel.a(timeout.c.obj)
                0x0000000000004c4c                z_get_next_timeout_expiry
 .text.z_set_timeout_expiry
                0x0000000000004c6c       0x34 zephyr/kernel/libkernel.a(timeout.c.obj)
                0x0000000000004c6c                z_set_timeout_expiry
 .text.sys_clock_tick_get_32
                0x0000000000004ca0        0x8 zephyr/kernel/libkernel.a(timeout.c.obj)
                0x0000000000004ca0                sys_clock_tick_get_32
 .text.z_impl_k_busy_wait
                0x0000000000004ca8        0x8 zephyr/kernel/libkernel.a(timeout.c.obj)
                0x0000000000004ca8                z_impl_k_busy_wait
 *(SORT_BY_ALIGNMENT(.TEXT.*))
 .TEXT.z_arm_platform_init
                0x0000000000004cb0        0x4 zephyr/libzephyr.a(soc_nrf_common.S.obj)
                0x0000000000004cb0                z_arm_platform_init
 *(SORT_BY_ALIGNMENT(.gnu.linkonce.t.*))
 *(SORT_BY_ALIGNMENT(.glue_7t))
 .glue_7t       0x0000000000004cb4        0x0 linker stubs
 *(SORT_BY_ALIGNMENT(.glue_7))
 .glue_7        0x0000000000004cb4        0x0 linker stubs
 *(SORT_BY_ALIGNMENT(.vfp11_veneer))
 .vfp11_veneer  0x0000000000004cb4        0x0 linker stubs
 *(SORT_BY_ALIGNMENT(.v4_bx))
 .v4_bx         0x0000000000004cb4        0x0 linker stubs
                0x0000000000004cb4                __text_region_end = .

.ARM.exidx      0x0000000000004cb4        0x8
                0x0000000000004cb4                __exidx_start = .
 *(SORT_BY_ALIGNMENT(.ARM.exidx*) SORT_BY_ALIGNMENT(gnu.linkonce.armexidx.*))
 .ARM.exidx     0x0000000000004cb4        0x8 /opt/gnuarmemb/9-2019-q4-major/bin/../lib/gcc/arm-none-eabi/9.2.1/thumb/v8-m.main/nofp/libgcc.a(_udivmoddi4.o)
                0x0000000000004cbc                __exidx_end = .
                0x0000000000004cbc                __rodata_region_start = .

initlevel       0x0000000000004cbc       0x50
                0x0000000000004cbc                __init_start = .
                0x0000000000004cbc                __init_PRE_KERNEL_1_start = .
 *(SORT_BY_NAME(SORT_BY_ALIGNMENT(.z_init_PRE_KERNEL_1[0-9]_*)))
 .z_init_PRE_KERNEL_10_
                0x0000000000004cbc        0x8 zephyr/libzephyr.a(soc.c.obj)
 *(SORT_BY_NAME(SORT_BY_ALIGNMENT(.z_init_PRE_KERNEL_1[1-9][0-9]_*)))
 .z_init_PRE_KERNEL_130_
                0x0000000000004cc4        0x8 zephyr/kernel/libkernel.a(mem_slab.c.obj)
 .z_init_PRE_KERNEL_140_
                0x0000000000004ccc        0x8 modules/nrf/drivers/hw_cc310/lib..__nrf__drivers__hw_cc310.a(hw_cc310.c.obj)
 .z_init_PRE_KERNEL_150_
                0x0000000000004cd4        0x8 zephyr/drivers/clock_control/libdrivers__clock_control.a(clock_control_nrf.c.obj)
 .z_init_PRE_KERNEL_150_
                0x0000000000004cdc        0x8 zephyr/drivers/serial/libdrivers__serial.a(uart_nrfx_uarte.c.obj)
 .z_init_PRE_KERNEL_160_
                0x0000000000004ce4        0x8 zephyr/drivers/console/libdrivers__console.a(uart_console.c.obj)
                0x0000000000004cec                __init_PRE_KERNEL_2_start = .
 *(SORT_BY_NAME(SORT_BY_ALIGNMENT(.z_init_PRE_KERNEL_2[0-9]_*)))
 .z_init_PRE_KERNEL_20_
                0x0000000000004cec        0x8 zephyr/drivers/timer/libdrivers__timer.a(sys_clock_init.c.obj)
 *(SORT_BY_NAME(SORT_BY_ALIGNMENT(.z_init_PRE_KERNEL_2[1-9][0-9]_*)))
                0x0000000000004cf4                __init_POST_KERNEL_start = .
 *(SORT_BY_NAME(SORT_BY_ALIGNMENT(.z_init_POST_KERNEL[0-9]_*)))
 *(SORT_BY_NAME(SORT_BY_ALIGNMENT(.z_init_POST_KERNEL[1-9][0-9]_*)))
 .z_init_POST_KERNEL40_
                0x0000000000004cf4       0x10 zephyr/drivers/gpio/libdrivers__gpio.a(gpio_nrfx.c.obj)
 .z_init_POST_KERNEL40_
                0x0000000000004d04        0x8 modules/nrf/drivers/hw_cc310/lib..__nrf__drivers__hw_cc310.a(hw_cc310.c.obj)
                0x0000000000004d0c                __init_APPLICATION_start = .
 *(SORT_BY_NAME(SORT_BY_ALIGNMENT(.z_init_APPLICATION[0-9]_*)))
 *(SORT_BY_NAME(SORT_BY_ALIGNMENT(.z_init_APPLICATION[1-9][0-9]_*)))
                0x0000000000004d0c                __init_SMP_start = .
 *(SORT_BY_NAME(SORT_BY_ALIGNMENT(.z_init_SMP[0-9]_*)))
 *(SORT_BY_NAME(SORT_BY_ALIGNMENT(.z_init_SMP[1-9][0-9]_*)))
                0x0000000000004d0c                __init_end = .

devices         0x0000000000004d0c       0x78
                0x0000000000004d0c                __device_start = .
                0x0000000000004d0c                __device_PRE_KERNEL_1_start = .
 *(SORT_BY_NAME(SORT_BY_ALIGNMENT(.z_device_PRE_KERNEL_1[0-9]_*)))
 *(SORT_BY_NAME(SORT_BY_ALIGNMENT(.z_device_PRE_KERNEL_1[1-9][0-9]_*)))
 .z_device_PRE_KERNEL_150_
                0x0000000000004d0c       0x18 zephyr/drivers/clock_control/libdrivers__clock_control.a(clock_control_nrf.c.obj)
                0x0000000000004d0c                __device_dts_ord_40
 .z_device_PRE_KERNEL_150_
                0x0000000000004d24       0x18 zephyr/drivers/serial/libdrivers__serial.a(uart_nrfx_uarte.c.obj)
                0x0000000000004d24                __device_dts_ord_74
                0x0000000000004d3c                __device_PRE_KERNEL_2_start = .
 *(SORT_BY_NAME(SORT_BY_ALIGNMENT(.z_device_PRE_KERNEL_2[0-9]_*)))
 .z_device_PRE_KERNEL_20_
                0x0000000000004d3c       0x18 zephyr/drivers/timer/libdrivers__timer.a(sys_clock_init.c.obj)
 *(SORT_BY_NAME(SORT_BY_ALIGNMENT(.z_device_PRE_KERNEL_2[1-9][0-9]_*)))
                0x0000000000004d54                __device_POST_KERNEL_start = .
 *(SORT_BY_NAME(SORT_BY_ALIGNMENT(.z_device_POST_KERNEL[0-9]_*)))
 *(SORT_BY_NAME(SORT_BY_ALIGNMENT(.z_device_POST_KERNEL[1-9][0-9]_*)))
 .z_device_POST_KERNEL40_
                0x0000000000004d54       0x30 zephyr/drivers/gpio/libdrivers__gpio.a(gpio_nrfx.c.obj)
                0x0000000000004d54                __device_dts_ord_8
                0x0000000000004d6c                __device_dts_ord_67
                0x0000000000004d84                __device_APPLICATION_start = .
 *(SORT_BY_NAME(SORT_BY_ALIGNMENT(.z_device_APPLICATION[0-9]_*)))
 *(SORT_BY_NAME(SORT_BY_ALIGNMENT(.z_device_APPLICATION[1-9][0-9]_*)))
                0x0000000000004d84                __device_SMP_start = .
 *(SORT_BY_NAME(SORT_BY_ALIGNMENT(.z_device_SMP[0-9]_*)))
 *(SORT_BY_NAME(SORT_BY_ALIGNMENT(.z_device_SMP[1-9][0-9]_*)))
                0x0000000000004d84                __device_end = .

sw_isr_table    0x0000000000004d84      0x228
                0x0000000000004d84                . = ALIGN (0x0)
 *(SORT_BY_ALIGNMENT(.gnu.linkonce.sw_isr_table*))
 .gnu.linkonce.sw_isr_table
                0x0000000000004d84      0x228 zephyr/CMakeFiles/zephyr_final.dir/isr_tables.c.obj
                0x0000000000004d84                _sw_isr_table

initlevel_error
                0x0000000000004cbc        0x0
 *(SORT_BY_NAME(SORT_BY_ALIGNMENT(.z_init_[_A-Z0-9]*)))
                0x0000000000000001                ASSERT ((SIZEOF (initlevel_error) == 0x0), Undefined initialization levels used.)

app_shmem_regions
                0x0000000000004fac        0x0
                0x0000000000004fac                __app_shmem_regions_start = .
 *(SORT_BY_NAME(SORT_BY_ALIGNMENT(.app_regions.*)))
                0x0000000000004fac                __app_shmem_regions_end = .

bt_l2cap_fixed_chan_area
                0x0000000000004fac        0x0
                0x0000000000004fac                _bt_l2cap_fixed_chan_list_start = .
 *(SORT_BY_NAME(SORT_BY_ALIGNMENT(._bt_l2cap_fixed_chan.static.*)))
                0x0000000000004fac                _bt_l2cap_fixed_chan_list_end = .

bt_gatt_service_static_area
                0x0000000000004fac        0x0
                0x0000000000004fac                _bt_gatt_service_static_list_start = .
 *(SORT_BY_NAME(SORT_BY_ALIGNMENT(._bt_gatt_service_static.static.*)))
                0x0000000000004fac                _bt_gatt_service_static_list_end = .

k_p4wq_initparam_area
                0x0000000000004fac        0x0
                0x0000000000004fac                _k_p4wq_initparam_list_start = .
 *(SORT_BY_NAME(SORT_BY_ALIGNMENT(._k_p4wq_initparam.static.*)))
                0x0000000000004fac                _k_p4wq_initparam_list_end = .

log_strings_sections
                0x0000000000004fac        0x0
                0x0000000000004fac                __log_strings_start = .
 *(SORT_BY_NAME(SORT_BY_ALIGNMENT(.log_strings*)))
                0x0000000000004fac                __log_strings_end = .

log_const_sections
                0x0000000000004fac        0x0
                0x0000000000004fac                __log_const_start = .
 *(SORT_BY_NAME(SORT_BY_ALIGNMENT(.log_const_*)))
                0x0000000000004fac                __log_const_end = .

log_backends_sections
                0x0000000000004fac        0x0
                0x0000000000004fac                __log_backends_start = .
 *(SORT_BY_ALIGNMENT(._log_backend.*))
                0x0000000000004fac                __log_backends_end = .

shell_area      0x0000000000004fac        0x0
                0x0000000000004fac                _shell_list_start = .
 *(SORT_BY_NAME(SORT_BY_ALIGNMENT(._shell.static.*)))
                0x0000000000004fac                _shell_list_end = .

shell_root_cmds_sections
                0x0000000000004fac        0x0
                0x0000000000004fac                __shell_root_cmds_start = .
 *(SORT_BY_NAME(SORT_BY_ALIGNMENT(.shell_root_cmd_*)))
                0x0000000000004fac                __shell_root_cmds_end = .

font_entry_sections
                0x0000000000004fac        0x0
                0x0000000000004fac                __font_entry_start = .
 *(SORT_BY_NAME(SORT_BY_ALIGNMENT(._cfb_font.*)))
                0x0000000000004fac                __font_entry_end = .

tracing_backend_area
                0x0000000000004fac        0x0
                0x0000000000004fac                _tracing_backend_list_start = .
 *(SORT_BY_NAME(SORT_BY_ALIGNMENT(._tracing_backend.static.*)))
                0x0000000000004fac                _tracing_backend_list_end = .

zephyr_dbg_info
 *(SORT_BY_ALIGNMENT(.dbg_thread_info))

device_handles  0x0000000000004fac       0x20
                0x0000000000004fac                __device_handles_start = .
 *(SORT_BY_NAME(SORT_BY_ALIGNMENT(.__device_handles_pass2*)))
 .__device_handles_pass2
                0x0000000000004fac       0x20 zephyr/CMakeFiles/zephyr_final.dir/dev_handles.c.obj
                0x0000000000004fac                __devicehdl_DT_N_S_soc_S_peripheral_50000000_S_gpio_842800
                0x0000000000004fb2                __devicehdl_DT_N_S_soc_S_peripheral_50000000_S_gpio_842500
                0x0000000000004fb8                __devicehdl_sys_init_sys_clock_driver_init0
                0x0000000000004fbc                __devicehdl_DT_N_S_soc_S_peripheral_50000000_S_uart_8000
                0x0000000000004fc4                __devicehdl_DT_N_S_soc_S_peripheral_50000000_S_clock_5000
                0x0000000000004fcc                __device_handles_end = .

rodata          0x0000000000004fd0      0x458
 *(SORT_BY_ALIGNMENT(.rodata))
 *(SORT_BY_ALIGNMENT(.rodata.*))
 .rodata.delay_machine_code.9410
                0x0000000000004fd0        0x6 zephyr/libzephyr.a(soc.c.obj)
 *fill*         0x0000000000004fd6        0x2 
 .rodata.gpios  0x0000000000004fd8       0x20 app/libapp.a(trailer_listener.c.obj)
 .rodata.apis   0x0000000000004ff8        0x8 zephyr/libzephyr.a(nrf_cc3xx_platform_abort_zephyr.c.obj)
 .rodata.mutex_apis
                0x0000000000005000       0x10 zephyr/libzephyr.a(nrf_cc3xx_platform_mutex_zephyr.c.obj)
 .rodata.mutexes
                0x0000000000005010       0x14 zephyr/libzephyr.a(nrf_cc3xx_platform_mutex_zephyr.c.obj)
 .rodata.static_regions
                0x0000000000005024        0xc zephyr/arch/arch/arm/core/aarch32/mpu/libarch__arm__core__aarch32__mpu.a(arm_core_mpu.c.obj)
 .rodata.mpu_config
                0x0000000000005030        0x8 zephyr/soc/arm/common/cortex_m/libsoc__arm__common__cortex_m.a(arm_mpu_regions.c.obj)
                0x0000000000005030                mpu_config
 .rodata.mpu_regions
                0x0000000000005038       0x20 zephyr/soc/arm/common/cortex_m/libsoc__arm__common__cortex_m.a(arm_mpu_regions.c.obj)
 .rodata.clock_control_api
                0x0000000000005058       0x14 zephyr/drivers/clock_control/libdrivers__clock_control.a(clock_control_nrf.c.obj)
 .rodata.config
                0x000000000000506c       0x20 zephyr/drivers/clock_control/libdrivers__clock_control.a(clock_control_nrf.c.obj)
 .rodata.transitions.12098
                0x000000000000508c        0xc zephyr/drivers/clock_control/libdrivers__clock_control.a(clock_control_nrf.c.obj)
 .rodata.gpio_nrfx_drv_api_funcs
                0x0000000000005098       0x24 zephyr/drivers/gpio/libdrivers__gpio.a(gpio_nrfx.c.obj)
 .rodata.gpio_nrfx_p0_cfg
                0x00000000000050bc        0xc zephyr/drivers/gpio/libdrivers__gpio.a(gpio_nrfx.c.obj)
 .rodata.gpio_nrfx_p1_cfg
                0x00000000000050c8        0xc zephyr/drivers/gpio/libdrivers__gpio.a(gpio_nrfx.c.obj)
 .rodata.uart_nrfx_uarte_driver_api
                0x00000000000050d4       0x14 zephyr/drivers/serial/libdrivers__serial.a(uart_nrfx_uarte.c.obj)
 .rodata.uarte_0z_config
                0x00000000000050e8       0x1c zephyr/drivers/serial/libdrivers__serial.a(uart_nrfx_uarte.c.obj)
 .rodata.levels.9825
                0x0000000000005104       0x14 zephyr/kernel/libkernel.a(device.c.obj)
 .rodata._k_neg_eagain
                0x0000000000005118        0x4 zephyr/kernel/libkernel.a(errno.c.obj)
                0x0000000000005118                _k_neg_eagain
 .rodata.CSWTCH.8
                0x000000000000511c       0x20 /home/akarner/ncs/nrfxlib/crypto/nrf_cc312_platform/lib/cortex-m33/soft-float/no-interrupts/libnrf_cc312_platform_0.9.12.a(nrf_cc3xx_platform.c.obj)
 .rodata.mutex_free.str1.4
                0x000000000000513c       0x26 /home/akarner/ncs/nrfxlib/crypto/nrf_cc312_platform/lib/cortex-m33/soft-float/no-interrupts/libnrf_cc312_platform_0.9.12.a(nrf_cc3xx_platform_mutex.c.obj)
 *fill*         0x0000000000005162        0x2 
 .rodata.mutex_init.str1.4
                0x0000000000005164       0x23 /home/akarner/ncs/nrfxlib/crypto/nrf_cc312_platform/lib/cortex-m33/soft-float/no-interrupts/libnrf_cc312_platform_0.9.12.a(nrf_cc3xx_platform_mutex.c.obj)
 *fill*         0x0000000000005187        0x1 
 .rodata.CC_PalPowerSaveModeInit.str1.4
                0x0000000000005188       0x20 /home/akarner/ncs/nrfxlib/crypto/nrf_cc312_platform/lib/cortex-m33/soft-float/no-interrupts/libnrf_cc312_platform_0.9.12.a(cc_pal_pm.c.obj)
 .rodata.map_listner_state.str1.1
                0x00000000000051a8       0x1a app/libapp.a(main.c.obj)
 .rodata.main.str1.1
                0x00000000000051c2       0xac app/libapp.a(main.c.obj)
 .rodata.trailer_listener_init.str1.1
                0x000000000000526e       0xc2 app/libapp.a(trailer_listener.c.obj)
 .rodata.cbvprintf.str1.1
                0x0000000000005330        0x6 zephyr/libzephyr.a(cbprintf_complete.c.obj)
 .rodata.sys_reboot.str1.1
                0x0000000000005336       0x29 zephyr/libzephyr.a(reboot.c.obj)
 .rodata.mutex_free_platform.str1.1
                0x000000000000535f       0x26 zephyr/libzephyr.a(nrf_cc3xx_platform_mutex_zephyr.c.obj)
 .rodata.mutex_init_platform.str1.1
                0x0000000000005385       0x2d zephyr/libzephyr.a(nrf_cc3xx_platform_mutex_zephyr.c.obj)
 .rodata.str1.1
                0x00000000000053b2        0xf zephyr/soc/arm/common/cortex_m/libsoc__arm__common__cortex_m.a(arm_mpu_regions.c.obj)
 .rodata.str1.1
                0x00000000000053c1        0x6 zephyr/drivers/clock_control/libdrivers__clock_control.a(clock_control_nrf.c.obj)
 .rodata.str1.1
                0x00000000000053c7        0xe zephyr/drivers/gpio/libdrivers__gpio.a(gpio_nrfx.c.obj)
 .rodata.str1.1
                0x00000000000053d5        0x7 zephyr/drivers/serial/libdrivers__serial.a(uart_nrfx_uarte.c.obj)
 .rodata.str1.1
                0x00000000000053dc        0xa zephyr/drivers/timer/libdrivers__timer.a(sys_clock_init.c.obj)
 .rodata.CSWTCH.1
                0x00000000000053e6        0x4 modules/hal_nordic/nrfx/libmodules__hal_nordic__nrfx.a(system_nrf5340_application.c.obj)
 .rodata.CSWTCH.3
                0x00000000000053ea        0x4 modules/hal_nordic/nrfx/libmodules__hal_nordic__nrfx.a(system_nrf5340_application.c.obj)
 .rodata.z_cstart.str1.1
                0x00000000000053ee        0x5 zephyr/kernel/libkernel.a(init.c.obj)
 .rodata.boot_banner.str1.1
                0x00000000000053f3       0x33 zephyr/kernel/libkernel.a(banner.c.obj)
                                         0x34 (size before relaxing)
 *(SORT_BY_ALIGNMENT(.gnu.linkonce.r.*))
                0x0000000000005428                . = ALIGN (0x4)
 *fill*         0x0000000000005426        0x2 
                0x0000000000005428                __rodata_region_end = .
                0x0000000000005440                . = ALIGN (_region_min_align)
                0x0000000000005440                __rom_region_end = .
                0x0000000020000000                . = 0x20000000
                0x0000000020000000                . = ALIGN (_region_min_align)
                0x0000000020000000                _image_ram_start = .

.ramfunc        0x0000000020000000        0x0 load address 0x0000000000005428
                0x0000000020000000                . = ALIGN (_region_min_align)
                0x0000000020000000                __ramfunc_start = .
 *(SORT_BY_ALIGNMENT(.ramfunc))
 *(SORT_BY_ALIGNMENT(.ramfunc.*))
                0x0000000020000000                . = ALIGN (_region_min_align)
                0x0000000020000000                __ramfunc_end = .
                0x0000000000000000                __ramfunc_size = (__ramfunc_end - __ramfunc_start)
                0x0000000000005428                __ramfunc_load_start = LOADADDR (.ramfunc)

datas           0x0000000020000000       0xac load address 0x0000000000005428
                0x0000000020000000                __data_region_start = .
                0x0000000020000000                __data_start = .
 *(SORT_BY_ALIGNMENT(.data))
 *(SORT_BY_ALIGNMENT(.data.*))
 .data._char_out
                0x0000000020000000        0x4 zephyr/libzephyr.a(printk.c.obj)
                0x0000000020000000                _char_out
 .data.post_ops_done
                0x0000000020000004        0x4 zephyr/libzephyr.a(power.c.obj)
 .data.asym_mutex
                0x0000000020000008        0x8 zephyr/libzephyr.a(nrf_cc3xx_platform_mutex_zephyr.c.obj)
 .data.power_mutex
                0x0000000020000010        0x8 zephyr/libzephyr.a(nrf_cc3xx_platform_mutex_zephyr.c.obj)
 .data.rng_mutex
                0x0000000020000018        0x8 zephyr/libzephyr.a(nrf_cc3xx_platform_mutex_zephyr.c.obj)
 .data.sym_mutex
                0x0000000020000020        0x8 zephyr/libzephyr.a(nrf_cc3xx_platform_mutex_zephyr.c.obj)
 .data._stdout_hook
                0x0000000020000028        0x4 zephyr/lib/libc/minimal/liblib__libc__minimal.a(stdout_console.c.obj)
 .data.uarte_0_data
                0x000000002000002c       0x14 zephyr/drivers/serial/libdrivers__serial.a(uart_nrfx_uarte.c.obj)
 .data.SystemCoreClock
                0x0000000020000040        0x4 modules/hal_nordic/nrfx/libmodules__hal_nordic__nrfx.a(system_nrf5340_application.c.obj)
                0x0000000020000040                SystemCoreClock
 .data.timeout_list
                0x0000000020000044        0x8 zephyr/kernel/libkernel.a(timeout.c.obj)
 .data.platform_abort_apis
                0x000000002000004c        0x8 /home/akarner/ncs/nrfxlib/crypto/nrf_cc312_platform/lib/cortex-m33/soft-float/no-interrupts/libnrf_cc312_platform_0.9.12.a(nrf_cc3xx_platform_abort.c.obj)
                0x000000002000004c                platform_abort_apis
 .data.asym_mutex
                0x0000000020000054        0x8 /home/akarner/ncs/nrfxlib/crypto/nrf_cc312_platform/lib/cortex-m33/soft-float/no-interrupts/libnrf_cc312_platform_0.9.12.a(nrf_cc3xx_platform_mutex.c.obj)
 .data.platform_mutex_apis
                0x000000002000005c       0x10 /home/akarner/ncs/nrfxlib/crypto/nrf_cc312_platform/lib/cortex-m33/soft-float/no-interrupts/libnrf_cc312_platform_0.9.12.a(nrf_cc3xx_platform_mutex.c.obj)
                0x000000002000005c                platform_mutex_apis
 .data.platform_mutexes
                0x000000002000006c       0x14 /home/akarner/ncs/nrfxlib/crypto/nrf_cc312_platform/lib/cortex-m33/soft-float/no-interrupts/libnrf_cc312_platform_0.9.12.a(nrf_cc3xx_platform_mutex.c.obj)
                0x000000002000006c                platform_mutexes
 .data.power_mutex
                0x0000000020000080        0x8 /home/akarner/ncs/nrfxlib/crypto/nrf_cc312_platform/lib/cortex-m33/soft-float/no-interrupts/libnrf_cc312_platform_0.9.12.a(nrf_cc3xx_platform_mutex.c.obj)
 .data.rng_mutex
                0x0000000020000088        0x8 /home/akarner/ncs/nrfxlib/crypto/nrf_cc312_platform/lib/cortex-m33/soft-float/no-interrupts/libnrf_cc312_platform_0.9.12.a(nrf_cc3xx_platform_mutex.c.obj)
 .data.sym_mutex
                0x0000000020000090        0x8 /home/akarner/ncs/nrfxlib/crypto/nrf_cc312_platform/lib/cortex-m33/soft-float/no-interrupts/libnrf_cc312_platform_0.9.12.a(nrf_cc3xx_platform_mutex.c.obj)
 .data.CCAsymCryptoMutex
                0x0000000020000098        0x4 /home/akarner/ncs/nrfxlib/crypto/nrf_cc312_platform/lib/cortex-m33/soft-float/no-interrupts/libnrf_cc312_platform_0.9.12.a(cc_pal.c.obj)
                0x0000000020000098                CCAsymCryptoMutex
 .data.CCPowerMutex
                0x000000002000009c        0x4 /home/akarner/ncs/nrfxlib/crypto/nrf_cc312_platform/lib/cortex-m33/soft-float/no-interrupts/libnrf_cc312_platform_0.9.12.a(cc_pal.c.obj)
                0x000000002000009c                CCPowerMutex
 .data.CCRndCryptoMutex
                0x00000000200000a0        0x4 /home/akarner/ncs/nrfxlib/crypto/nrf_cc312_platform/lib/cortex-m33/soft-float/no-interrupts/libnrf_cc312_platform_0.9.12.a(cc_pal.c.obj)
                0x00000000200000a0                CCRndCryptoMutex
 .data.CCSymCryptoMutex
                0x00000000200000a4        0x4 /home/akarner/ncs/nrfxlib/crypto/nrf_cc312_platform/lib/cortex-m33/soft-float/no-interrupts/libnrf_cc312_platform_0.9.12.a(cc_pal.c.obj)
                0x00000000200000a4                CCSymCryptoMutex
 .data.pCCRndCryptoMutex
                0x00000000200000a8        0x4 /home/akarner/ncs/nrfxlib/crypto/nrf_cc312_platform/lib/cortex-m33/soft-float/no-interrupts/libnrf_cc312_platform_0.9.12.a(cc_pal.c.obj)
                0x00000000200000a8                pCCRndCryptoMutex
 *(SORT_BY_ALIGNMENT(.kernel.*))
                0x00000000200000ac                __data_end = .
                0x00000000000000ac                __data_size = (__data_end - __data_start)
                0x0000000000005428                __data_load_start = LOADADDR (datas)
                0x0000000000005428                __data_region_load_start = LOADADDR (datas)

device_states   0x00000000200000ac       0x14 load address 0x00000000000054d4
                0x00000000200000ac                __device_states_start = .
 *(SORT_BY_ALIGNMENT(.z_devstate))
 .z_devstate    0x00000000200000ac        0x4 zephyr/drivers/clock_control/libdrivers__clock_control.a(clock_control_nrf.c.obj)
 .z_devstate    0x00000000200000b0        0x8 zephyr/drivers/gpio/libdrivers__gpio.a(gpio_nrfx.c.obj)
 .z_devstate    0x00000000200000b8        0x4 zephyr/drivers/serial/libdrivers__serial.a(uart_nrfx_uarte.c.obj)
 .z_devstate    0x00000000200000bc        0x4 zephyr/drivers/timer/libdrivers__timer.a(sys_clock_init.c.obj)
 *(SORT_BY_ALIGNMENT(.z_devstate.*))
                0x00000000200000c0                __device_states_end = .

initshell       0x00000000200000c0        0x0 load address 0x00000000000054e8
                0x00000000200000c0                __shell_module_start = .
 *(SORT_BY_ALIGNMENT(.shell_module_*))
                0x00000000200000c0                __shell_module_end = .
                0x00000000200000c0                __shell_cmd_start = .
 *(SORT_BY_ALIGNMENT(.shell_cmd_*))
                0x00000000200000c0                __shell_cmd_end = .

log_dynamic_sections
                0x00000000200000c0        0x0 load address 0x00000000000054e8
                0x00000000200000c0                __log_dynamic_start = .
 *(SORT_BY_NAME(SORT_BY_ALIGNMENT(.log_dynamic_*)))
                0x00000000200000c0                __log_dynamic_end = .

_static_thread_data_area
                0x00000000200000c0        0x0 load address 0x00000000000054e8
                0x00000000200000c0                __static_thread_data_list_start = .
 *(SORT_BY_NAME(SORT_BY_ALIGNMENT(.__static_thread_data.static.*)))
                0x00000000200000c0                __static_thread_data_list_end = .

k_timer_area    0x00000000200000c0        0x0 load address 0x00000000000054e8
                0x00000000200000c0                _k_timer_list_start = .
 *(SORT_BY_NAME(SORT_BY_ALIGNMENT(._k_timer.static.*)))
                0x00000000200000c0                _k_timer_list_end = .

k_mem_slab_area
                0x00000000200000c0        0x0 load address 0x00000000000054e8
                0x00000000200000c0                _k_mem_slab_list_start = .
 *(SORT_BY_NAME(SORT_BY_ALIGNMENT(._k_mem_slab.static.*)))
                0x00000000200000c0                _k_mem_slab_list_end = .

k_mem_pool_area
                0x00000000200000c0        0x0 load address 0x00000000000054e8
                0x00000000200000c0                _k_mem_pool_list_start = .
 *(SORT_BY_NAME(SORT_BY_ALIGNMENT(._k_mem_pool.static.*)))
                0x00000000200000c0                _k_mem_pool_list_end = .

k_heap_area     0x00000000200000c0        0x0 load address 0x00000000000054e8
                0x00000000200000c0                _k_heap_list_start = .
 *(SORT_BY_NAME(SORT_BY_ALIGNMENT(._k_heap.static.*)))
                0x00000000200000c0                _k_heap_list_end = .

k_mutex_area    0x00000000200000c0       0x50 load address 0x00000000000054e8
                0x00000000200000c0                _k_mutex_list_start = .
 *(SORT_BY_NAME(SORT_BY_ALIGNMENT(._k_mutex.static.*)))
 ._k_mutex.static.asym_mutex_int
                0x00000000200000c0       0x14 zephyr/libzephyr.a(nrf_cc3xx_platform_mutex_zephyr.c.obj)
                0x00000000200000c0                asym_mutex_int
 ._k_mutex.static.power_mutex_int
                0x00000000200000d4       0x14 zephyr/libzephyr.a(nrf_cc3xx_platform_mutex_zephyr.c.obj)
                0x00000000200000d4                power_mutex_int
 ._k_mutex.static.rng_mutex_int
                0x00000000200000e8       0x14 zephyr/libzephyr.a(nrf_cc3xx_platform_mutex_zephyr.c.obj)
                0x00000000200000e8                rng_mutex_int
 ._k_mutex.static.sym_mutex_int
                0x00000000200000fc       0x14 zephyr/libzephyr.a(nrf_cc3xx_platform_mutex_zephyr.c.obj)
                0x00000000200000fc                sym_mutex_int
                0x0000000020000110                _k_mutex_list_end = .

k_stack_area    0x0000000020000110        0x0 load address 0x0000000000005538
                0x0000000020000110                _k_stack_list_start = .
 *(SORT_BY_NAME(SORT_BY_ALIGNMENT(._k_stack.static.*)))
                0x0000000020000110                _k_stack_list_end = .

k_msgq_area     0x0000000020000110        0x0 load address 0x0000000000005538
                0x0000000020000110                _k_msgq_list_start = .
 *(SORT_BY_NAME(SORT_BY_ALIGNMENT(._k_msgq.static.*)))
                0x0000000020000110                _k_msgq_list_end = .

k_mbox_area     0x0000000020000110        0x0 load address 0x0000000000005538
                0x0000000020000110                _k_mbox_list_start = .
 *(SORT_BY_NAME(SORT_BY_ALIGNMENT(._k_mbox.static.*)))
                0x0000000020000110                _k_mbox_list_end = .

k_pipe_area     0x0000000020000110        0x0 load address 0x0000000000005538
                0x0000000020000110                _k_pipe_list_start = .
 *(SORT_BY_NAME(SORT_BY_ALIGNMENT(._k_pipe.static.*)))
                0x0000000020000110                _k_pipe_list_end = .

k_sem_area      0x0000000020000110        0x0 load address 0x0000000000005538
                0x0000000020000110                _k_sem_list_start = .
 *(SORT_BY_NAME(SORT_BY_ALIGNMENT(._k_sem.static.*)))
                0x0000000020000110                _k_sem_list_end = .

k_queue_area    0x0000000020000110        0x0 load address 0x0000000000005538
                0x0000000020000110                _k_queue_list_start = .
 *(SORT_BY_NAME(SORT_BY_ALIGNMENT(._k_queue.static.*)))
                0x0000000020000110                _k_queue_list_end = .

k_condvar_area  0x0000000020000110        0x0 load address 0x0000000000005538
                0x0000000020000110                _k_condvar_list_start = .
 *(SORT_BY_NAME(SORT_BY_ALIGNMENT(._k_condvar.static.*)))
                0x0000000020000110                _k_condvar_list_end = .

_net_buf_pool_area
                0x0000000020000110        0x0 load address 0x0000000000005538
                0x0000000020000110                _net_buf_pool_list = .
 *(SORT_BY_NAME(SORT_BY_ALIGNMENT(._net_buf_pool.static.*)))
                0x0000000020000110                __data_region_end = .

bss             0x0000000020000110      0x9f4
                0x0000000020000110                . = ALIGN (0x4)
                0x0000000020000110                __bss_start = .
                0x0000000020000110                __kernel_ram_start = .
 *(SORT_BY_ALIGNMENT(.bss))
 *(SORT_BY_ALIGNMENT(.bss.*))
 .bss.anchor    0x0000000020000110        0x8 zephyr/drivers/timer/libdrivers__timer.a(nrf_rtc_timer.c.obj)
 .bss.cc_data   0x0000000020000118       0x10 zephyr/drivers/timer/libdrivers__timer.a(nrf_rtc_timer.c.obj)
 .bss.last_count
                0x0000000020000128        0x8 zephyr/drivers/timer/libdrivers__timer.a(nrf_rtc_timer.c.obj)
 .bss.z_idle_threads
                0x0000000020000130       0x80 zephyr/kernel/libkernel.a(init.c.obj)
                0x0000000020000130                z_idle_threads
 .bss.z_main_thread
                0x00000000200001b0       0x80 zephyr/kernel/libkernel.a(init.c.obj)
                0x00000000200001b0                z_main_thread
 .bss.curr_tick
                0x0000000020000230        0x8 zephyr/kernel/libkernel.a(timeout.c.obj)
 .bss.listener  0x0000000020000238        0xc app/libapp.a(main.c.obj)
 .bss.pm_notifiers
                0x0000000020000244        0x8 zephyr/libzephyr.a(power.c.obj)
 .bss.z_power_state
                0x000000002000024c        0xc zephyr/libzephyr.a(power.c.obj)
 .bss.mutex_slab
                0x0000000020000258       0x1c zephyr/libzephyr.a(nrf_cc3xx_platform_mutex_zephyr.c.obj)
                0x0000000020000258                mutex_slab
 .bss.mutex_slab_buffer
                0x0000000020000274      0x500 zephyr/libzephyr.a(nrf_cc3xx_platform_mutex_zephyr.c.obj)
                0x0000000020000274                mutex_slab_buffer
 .bss.dyn_reg_info
                0x0000000020000774       0x14 zephyr/arch/arch/arm/core/aarch32/mpu/libarch__arm__core__aarch32__mpu.a(arm_mpu.c.obj)
 .bss.cli.12070
                0x0000000020000788       0x10 zephyr/drivers/clock_control/libdrivers__clock_control.a(clock_control_nrf.c.obj)
 .bss.data      0x0000000020000798       0xa0 zephyr/drivers/clock_control/libdrivers__clock_control.a(clock_control_nrf.c.obj)
 .bss.hfclk_users
                0x0000000020000838        0x4 zephyr/drivers/clock_control/libdrivers__clock_control.a(clock_control_nrf.c.obj)
 .bss.on.12069  0x000000002000083c        0x4 zephyr/drivers/clock_control/libdrivers__clock_control.a(clock_control_nrf.c.obj)
 .bss.uart_console_dev
                0x0000000020000840        0x4 zephyr/drivers/console/libdrivers__console.a(uart_console.c.obj)
 .bss.gpio_nrfx_p0_data
                0x0000000020000844       0x1c zephyr/drivers/gpio/libdrivers__gpio.a(gpio_nrfx.c.obj)
 .bss.gpio_nrfx_p1_data
                0x0000000020000860       0x1c zephyr/drivers/gpio/libdrivers__gpio.a(gpio_nrfx.c.obj)
 .bss.force_isr_mask
                0x000000002000087c        0x4 zephyr/drivers/timer/libdrivers__timer.a(nrf_rtc_timer.c.obj)
 .bss.int_mask  0x0000000020000880        0x4 zephyr/drivers/timer/libdrivers__timer.a(nrf_rtc_timer.c.obj)
 .bss.overflow_cnt
                0x0000000020000884        0x4 zephyr/drivers/timer/libdrivers__timer.a(nrf_rtc_timer.c.obj)
 .bss.m_clock_cb
                0x0000000020000888        0x8 modules/hal_nordic/nrfx/libmodules__hal_nordic__nrfx.a(nrfx_clock.c.obj)
 .bss.m_allocated_channels
                0x0000000020000890        0x4 modules/hal_nordic/nrfx/libmodules__hal_nordic__nrfx.a(nrfx_dppi.c.obj)
 .bss.m_cb      0x0000000020000894       0x60 modules/hal_nordic/nrfx/libmodules__hal_nordic__nrfx.a(nrfx_gpiote.c.obj)
 .bss._kernel   0x00000000200008f4       0x28 zephyr/kernel/libkernel.a(init.c.obj)
                0x00000000200008f4                _kernel
 .bss.pending_current
                0x000000002000091c        0x4 zephyr/kernel/libkernel.a(sched.c.obj)
 .bss.slice_max_prio
                0x0000000020000920        0x4 zephyr/kernel/libkernel.a(sched.c.obj)
 .bss.slice_time
                0x0000000020000924        0x4 zephyr/kernel/libkernel.a(sched.c.obj)
 .bss.announce_remaining
                0x0000000020000928        0x4 zephyr/kernel/libkernel.a(timeout.c.obj)
 .bss.nrf_cc3xx_platform_initialized
                0x000000002000092c        0x4 /home/akarner/ncs/nrfxlib/crypto/nrf_cc312_platform/lib/cortex-m33/soft-float/no-interrupts/libnrf_cc312_platform_0.9.12.a(nrf_cc3xx_platform.c.obj)
 .bss.asym_mutex_int
                0x0000000020000930        0x4 /home/akarner/ncs/nrfxlib/crypto/nrf_cc312_platform/lib/cortex-m33/soft-float/no-interrupts/libnrf_cc312_platform_0.9.12.a(nrf_cc3xx_platform_mutex.c.obj)
 .bss.power_mutex_int
                0x0000000020000934        0x4 /home/akarner/ncs/nrfxlib/crypto/nrf_cc312_platform/lib/cortex-m33/soft-float/no-interrupts/libnrf_cc312_platform_0.9.12.a(nrf_cc3xx_platform_mutex.c.obj)
 .bss.rng_mutex_int
                0x0000000020000938        0x4 /home/akarner/ncs/nrfxlib/crypto/nrf_cc312_platform/lib/cortex-m33/soft-float/no-interrupts/libnrf_cc312_platform_0.9.12.a(nrf_cc3xx_platform_mutex.c.obj)
 .bss.sym_mutex_int
                0x000000002000093c        0x4 /home/akarner/ncs/nrfxlib/crypto/nrf_cc312_platform/lib/cortex-m33/soft-float/no-interrupts/libnrf_cc312_platform_0.9.12.a(nrf_cc3xx_platform_mutex.c.obj)
 .bss.use_count
                0x0000000020000940        0x4 /home/akarner/ncs/nrfxlib/crypto/nrf_cc312_platform/lib/cortex-m33/soft-float/no-interrupts/libnrf_cc312_platform_0.9.12.a(cc_pal_pm.c.obj)
 .bss.static_regions_num
                0x0000000020000944        0x1 zephyr/arch/arch/arm/core/aarch32/mpu/libarch__arm__core__aarch32__mpu.a(arm_mpu.c.obj)
 .bss.gpio_initialized.10954
                0x0000000020000945        0x1 zephyr/drivers/gpio/libdrivers__gpio.a(gpio_nrfx.c.obj)
 .bss.z_sys_post_kernel
                0x0000000020000946        0x1 zephyr/kernel/libkernel.a(init.c.obj)
                0x0000000020000946                z_sys_post_kernel
 .bss.lock      0x0000000020000947        0x0 zephyr/kernel/libkernel.a(mutex.c.obj)
 .bss.lock      0x0000000020000947        0x0 zephyr/kernel/libkernel.a(sem.c.obj)
 .bss.sched_spinlock
                0x0000000020000947        0x0 zephyr/kernel/libkernel.a(sched.c.obj)
                0x0000000020000947                sched_spinlock
 *(SORT_BY_ALIGNMENT(COMMON))
 *fill*         0x0000000020000947        0x1 
 COMMON         0x0000000020000948      0x1bc /home/akarner/ncs/nrfxlib/crypto/nrf_cc312_platform/lib/cortex-m33/soft-float/no-interrupts/libnrf_cc312_platform_0.9.12.a(nrf_cc3xx_platform_ctr_drbg.c.obj)
                0x0000000020000948                nrf_cc3xx_platform_ctr_drbg_global_ctx
 *(SORT_BY_ALIGNMENT(.kernel_bss.*))
                0x0000000020000b04                __bss_end = ALIGN (0x4)

noinit          0x0000000020000b08      0xd40
 *(SORT_BY_ALIGNMENT(.noinit))
 *(SORT_BY_ALIGNMENT(.noinit.*))
 .noinit."WEST_TOPDIR/zephyr/kernel/init.c".1
                0x0000000020000b08      0x400 zephyr/kernel/libkernel.a(init.c.obj)
                0x0000000020000b08                z_main_stack
 .noinit."WEST_TOPDIR/zephyr/kernel/init.c".2
                0x0000000020000f08      0x140 zephyr/kernel/libkernel.a(init.c.obj)
 .noinit."WEST_TOPDIR/zephyr/kernel/init.c".3
                0x0000000020001048      0x800 zephyr/kernel/libkernel.a(init.c.obj)
                0x0000000020001048                z_interrupt_stacks
 *(SORT_BY_ALIGNMENT(.kernel_noinit.*))
                0x0000000020001848                _image_ram_end = .
                0x0000000020001848                _end = .
                0x0000000020070000                __kernel_ram_end = 0x20070000
                0x000000000006fef0                __kernel_ram_size = (__kernel_ram_end - __kernel_ram_start)

.stab
 *(SORT_BY_ALIGNMENT(.stab))

.stabstr
 *(SORT_BY_ALIGNMENT(.stabstr))

.stab.excl
 *(SORT_BY_ALIGNMENT(.stab.excl))

.stab.exclstr
 *(SORT_BY_ALIGNMENT(.stab.exclstr))

.stab.index
 *(SORT_BY_ALIGNMENT(.stab.index))

.stab.indexstr
 *(SORT_BY_ALIGNMENT(.stab.indexstr))

.gnu.build.attributes
 *(SORT_BY_ALIGNMENT(.gnu.build.attributes) SORT_BY_ALIGNMENT(.gnu.build.attributes.*))

.comment        0x0000000000000000       0x79
 *(SORT_BY_ALIGNMENT(.comment))
 .comment       0x0000000000000000       0x79 zephyr/CMakeFiles/zephyr_final.dir/isr_tables.c.obj
                                         0x7a (size before relaxing)
 .comment       0x0000000000000079       0x7a zephyr/CMakeFiles/zephyr_final.dir/dev_handles.c.obj
 .comment       0x0000000000000079       0x7a zephyr/CMakeFiles/offsets.dir/./arch/arm/core/offsets/offsets.c.obj
 .comment       0x0000000000000079       0x7a app/libapp.a(main.c.obj)
 .comment       0x0000000000000079       0x7a app/libapp.a(trailer_listener.c.obj)
 .comment       0x0000000000000079       0x7a zephyr/libzephyr.a(notify.c.obj)
 .comment       0x0000000000000079       0x7a zephyr/libzephyr.a(printk.c.obj)
 .comment       0x0000000000000079       0x7a zephyr/libzephyr.a(onoff.c.obj)
 .comment       0x0000000000000079       0x7a zephyr/libzephyr.a(thread_entry.c.obj)
 .comment       0x0000000000000079       0x7a zephyr/libzephyr.a(cbprintf_complete.c.obj)
 .comment       0x0000000000000079       0x7a zephyr/libzephyr.a(reboot.c.obj)
 .comment       0x0000000000000079       0x7a zephyr/libzephyr.a(configs.c.obj)
 .comment       0x0000000000000079       0x7a zephyr/libzephyr.a(soc.c.obj)
 .comment       0x0000000000000079       0x7a zephyr/libzephyr.a(power.c.obj)
 .comment       0x0000000000000079       0x7a zephyr/libzephyr.a(power.c.obj)
 .comment       0x0000000000000079       0x7a zephyr/libzephyr.a(policy_residency.c.obj)
 .comment       0x0000000000000079       0x7a zephyr/libzephyr.a(nrf_cc3xx_platform_abort_zephyr.c.obj)
 .comment       0x0000000000000079       0x7a zephyr/libzephyr.a(nrf_cc3xx_platform_mutex_zephyr.c.obj)
 .comment       0x0000000000000079       0x7a zephyr/arch/arch/arm/core/aarch32/libarch__arm__core__aarch32.a(fatal.c.obj)
 .comment       0x0000000000000079       0x7a zephyr/arch/arch/arm/core/aarch32/libarch__arm__core__aarch32.a(irq_manage.c.obj)
 .comment       0x0000000000000079       0x7a zephyr/arch/arch/arm/core/aarch32/libarch__arm__core__aarch32.a(nmi.c.obj)
 .comment       0x0000000000000079       0x7a zephyr/arch/arch/arm/core/aarch32/libarch__arm__core__aarch32.a(prep_c.c.obj)
 .comment       0x0000000000000079       0x7a zephyr/arch/arch/arm/core/aarch32/libarch__arm__core__aarch32.a(swap.c.obj)
 .comment       0x0000000000000079       0x7a zephyr/arch/arch/arm/core/aarch32/libarch__arm__core__aarch32.a(thread.c.obj)
 .comment       0x0000000000000079       0x7a zephyr/arch/arch/arm/core/aarch32/cortex_m/libarch__arm__core__aarch32__cortex_m.a(fault.c.obj)
 .comment       0x0000000000000079       0x7a zephyr/arch/arch/arm/core/aarch32/cortex_m/libarch__arm__core__aarch32__cortex_m.a(irq_init.c.obj)
 .comment       0x0000000000000079       0x7a zephyr/arch/arch/arm/core/aarch32/cortex_m/libarch__arm__core__aarch32__cortex_m.a(scb.c.obj)
 .comment       0x0000000000000079       0x7a zephyr/arch/arch/arm/core/aarch32/cortex_m/libarch__arm__core__aarch32__cortex_m.a(thread_abort.c.obj)
 .comment       0x0000000000000079       0x7a zephyr/arch/arch/arm/core/aarch32/cortex_m/cmse/libarch__arm__core__aarch32__cortex_m__cmse.a(arm_core_cmse.c.obj)
 .comment       0x0000000000000079       0x7a zephyr/arch/arch/arm/core/aarch32/mpu/libarch__arm__core__aarch32__mpu.a(arm_core_mpu.c.obj)
 .comment       0x0000000000000079       0x7a zephyr/arch/arch/arm/core/aarch32/mpu/libarch__arm__core__aarch32__mpu.a(arm_mpu.c.obj)
 .comment       0x0000000000000079       0x7a zephyr/lib/libc/minimal/liblib__libc__minimal.a(string.c.obj)
 .comment       0x0000000000000079       0x7a zephyr/lib/libc/minimal/liblib__libc__minimal.a(stdout_console.c.obj)
 .comment       0x0000000000000079       0x7a zephyr/soc/arm/common/cortex_m/libsoc__arm__common__cortex_m.a(arm_mpu_regions.c.obj)
 .comment       0x0000000000000079       0x7a zephyr/drivers/clock_control/libdrivers__clock_control.a(clock_control_nrf.c.obj)
 .comment       0x0000000000000079       0x7a zephyr/drivers/console/libdrivers__console.a(uart_console.c.obj)
 .comment       0x0000000000000079       0x7a zephyr/drivers/gpio/libdrivers__gpio.a(gpio_nrfx.c.obj)
 .comment       0x0000000000000079       0x7a zephyr/drivers/serial/libdrivers__serial.a(uart_nrfx_uarte.c.obj)
 .comment       0x0000000000000079       0x7a zephyr/drivers/timer/libdrivers__timer.a(sys_clock_init.c.obj)
 .comment       0x0000000000000079       0x7a zephyr/drivers/timer/libdrivers__timer.a(nrf_rtc_timer.c.obj)
 .comment       0x0000000000000079       0x7a modules/nrf/lib/fatal_error/lib..__nrf__lib__fatal_error.a(fatal_error.c.obj)
 .comment       0x0000000000000079       0x7a modules/nrf/drivers/hw_cc310/lib..__nrf__drivers__hw_cc310.a(hw_cc310.c.obj)
 .comment       0x0000000000000079       0x7a modules/hal_nordic/nrfx/libmodules__hal_nordic__nrfx.a(system_nrf5340_application.c.obj)
 .comment       0x0000000000000079       0x7a modules/hal_nordic/nrfx/libmodules__hal_nordic__nrfx.a(nrfx_glue.c.obj)
 .comment       0x0000000000000079       0x7a modules/hal_nordic/nrfx/libmodules__hal_nordic__nrfx.a(nrfx_clock.c.obj)
 .comment       0x0000000000000079       0x7a modules/hal_nordic/nrfx/libmodules__hal_nordic__nrfx.a(nrfx_dppi.c.obj)
 .comment       0x0000000000000079       0x7a modules/hal_nordic/nrfx/libmodules__hal_nordic__nrfx.a(nrfx_gpiote.c.obj)
 .comment       0x0000000000000079       0x7a zephyr/kernel/libkernel.a(device.c.obj)
 .comment       0x0000000000000079       0x7a zephyr/kernel/libkernel.a(errno.c.obj)
 .comment       0x0000000000000079       0x7a zephyr/kernel/libkernel.a(fatal.c.obj)
 .comment       0x0000000000000079       0x7a zephyr/kernel/libkernel.a(init.c.obj)
 .comment       0x0000000000000079       0x7a zephyr/kernel/libkernel.a(mem_slab.c.obj)
 .comment       0x0000000000000079       0x7a zephyr/kernel/libkernel.a(thread.c.obj)
 .comment       0x0000000000000079       0x7a zephyr/kernel/libkernel.a(idle.c.obj)
 .comment       0x0000000000000079       0x7a zephyr/kernel/libkernel.a(mutex.c.obj)
 .comment       0x0000000000000079       0x7a zephyr/kernel/libkernel.a(sem.c.obj)
 .comment       0x0000000000000079       0x7a zephyr/kernel/libkernel.a(sched.c.obj)
 .comment       0x0000000000000079       0x7a zephyr/kernel/libkernel.a(xip.c.obj)
 .comment       0x0000000000000079       0x7a zephyr/kernel/libkernel.a(timeout.c.obj)
 .comment       0x0000000000000079       0x7a zephyr/kernel/libkernel.a(banner.c.obj)
 .comment       0x0000000000000079       0x7a /home/akarner/ncs/nrfxlib/crypto/nrf_cc312_platform/lib/cortex-m33/soft-float/no-interrupts/libnrf_cc312_platform_0.9.12.a(nrf_cc3xx_platform.c.obj)
 .comment       0x0000000000000079       0x7a /home/akarner/ncs/nrfxlib/crypto/nrf_cc312_platform/lib/cortex-m33/soft-float/no-interrupts/libnrf_cc312_platform_0.9.12.a(nrf_cc3xx_platform_abort.c.obj)
 .comment       0x0000000000000079       0x7a /home/akarner/ncs/nrfxlib/crypto/nrf_cc312_platform/lib/cortex-m33/soft-float/no-interrupts/libnrf_cc312_platform_0.9.12.a(nrf_cc3xx_platform_mutex.c.obj)
 .comment       0x0000000000000079       0x7a /home/akarner/ncs/nrfxlib/crypto/nrf_cc312_platform/lib/cortex-m33/soft-float/no-interrupts/libnrf_cc312_platform_0.9.12.a(cc_lib.c.obj)
 .comment       0x0000000000000079       0x7a /home/akarner/ncs/nrfxlib/crypto/nrf_cc312_platform/lib/cortex-m33/soft-float/no-interrupts/libnrf_cc312_platform_0.9.12.a(cc_hal.c.obj)
 .comment       0x0000000000000079       0x7a /home/akarner/ncs/nrfxlib/crypto/nrf_cc312_platform/lib/cortex-m33/soft-float/no-interrupts/libnrf_cc312_platform_0.9.12.a(cc_pal.c.obj)
 .comment       0x0000000000000079       0x7a /home/akarner/ncs/nrfxlib/crypto/nrf_cc312_platform/lib/cortex-m33/soft-float/no-interrupts/libnrf_cc312_platform_0.9.12.a(cc_pal_dma.c.obj)
 .comment       0x0000000000000079       0x7a /home/akarner/ncs/nrfxlib/crypto/nrf_cc312_platform/lib/cortex-m33/soft-float/no-interrupts/libnrf_cc312_platform_0.9.12.a(cc_pal_mutex.c.obj)
 .comment       0x0000000000000079       0x7a /home/akarner/ncs/nrfxlib/crypto/nrf_cc312_platform/lib/cortex-m33/soft-float/no-interrupts/libnrf_cc312_platform_0.9.12.a(cc_pal_pm.c.obj)
 .comment       0x0000000000000079       0x7a /home/akarner/ncs/nrfxlib/crypto/nrf_cc312_platform/lib/cortex-m33/soft-float/no-interrupts/libnrf_cc312_platform_0.9.12.a(nrf_cc3xx_platform_ctr_drbg.c.obj)

.debug
 *(SORT_BY_ALIGNMENT(.debug))

.line
 *(SORT_BY_ALIGNMENT(.line))

.debug_srcinfo
 *(SORT_BY_ALIGNMENT(.debug_srcinfo))

.debug_sfnames
 *(SORT_BY_ALIGNMENT(.debug_sfnames))

.debug_aranges  0x0000000000000000     0x1328
 *(SORT_BY_ALIGNMENT(.debug_aranges))
 .debug_aranges
                0x0000000000000000       0x20 zephyr/libzephyr.a(soc_nrf_common.S.obj)
 .debug_aranges
                0x0000000000000020       0x30 zephyr/arch/arch/arm/core/aarch32/libarch__arm__core__aarch32.a(cpu_idle.S.obj)
 .debug_aranges
                0x0000000000000050       0x20 zephyr/arch/arch/arm/core/aarch32/libarch__arm__core__aarch32.a(nmi_on_reset.S.obj)
 .debug_aranges
                0x0000000000000070       0x28 zephyr/arch/arch/arm/core/aarch32/libarch__arm__core__aarch32.a(swap_helper.S.obj)
 .debug_aranges
                0x0000000000000098       0x20 zephyr/arch/arch/arm/core/aarch32/libarch__arm__core__aarch32.a(isr_wrapper.S.obj)
 .debug_aranges
                0x00000000000000b8       0x20 zephyr/arch/arch/arm/core/aarch32/cortex_m/libarch__arm__core__aarch32__cortex_m.a(exc_exit.S.obj)
 .debug_aranges